Sep 14 06:02:30 precise64 kernel: imklog 5.8.6, log source = /proc/kmsg started.
Sep 14 06:02:30 precise64 rsyslogd: [origin software="rsyslogd" swVersion="5.8.6" x-pid="520" x-info="http://www.rsyslog.com"] start
Sep 14 06:02:30 precise64 rsyslogd: rsyslogd's groupid changed to 103
Sep 14 06:02:30 precise64 rsyslogd: rsyslogd's userid changed to 101
Sep 14 06:02:30 precise64 rsyslogd-2039: Could not open output pipe '/dev/xconsole' [try http://www.rsyslog.com/e/2039 ]
Sep 14 06:02:30 precise64 kernel: [    0.000000] Initializing cgroup subsys cpuset
Sep 14 06:02:30 precise64 kernel: [    0.000000] Initializing cgroup subsys cpu
Sep 14 06:02:30 precise64 kernel: [    0.000000] Linux version 3.2.0-23-generic (buildd@crested) (gcc version 4.6.3 (Ubuntu/Linaro 4.6.3-1ubuntu4) ) #36-Ubuntu SMP Tue Apr 10 20:39:51 UTC 2012 (Ubuntu 3.2.0-23.36-generic 3.2.14)
Sep 14 06:02:30 precise64 kernel: [    0.000000] Command line: BOOT_IMAGE=/vmlinuz-3.2.0-23-generic root=/dev/mapper/precise64-root ro quiet
Sep 14 06:02:30 precise64 kernel: [    0.000000] KERNEL supported cpus:
Sep 14 06:02:30 precise64 kernel: [    0.000000]   Intel GenuineIntel
Sep 14 06:02:30 precise64 kernel: [    0.000000]   AMD AuthenticAMD
Sep 14 06:02:30 precise64 kernel: [    0.000000]   Centaur CentaurHauls
Sep 14 06:02:30 precise64 kernel: [    0.000000] BIOS-provided physical RAM map:
Sep 14 06:02:30 precise64 kernel: [    0.000000]  BIOS-e820: 0000000000000000 - 000000000009fc00 (usable)
Sep 14 06:02:30 precise64 kernel: [    0.000000]  BIOS-e820: 000000000009fc00 - 00000000000a0000 (reserved)
Sep 14 06:02:30 precise64 kernel: [    0.000000]  BIOS-e820: 00000000000f0000 - 0000000000100000 (reserved)
Sep 14 06:02:30 precise64 kernel: [    0.000000]  BIOS-e820: 0000000000100000 - 0000000017ff0000 (usable)
Sep 14 06:02:30 precise64 kernel: [    0.000000]  BIOS-e820: 0000000017ff0000 - 0000000018000000 (ACPI data)
Sep 14 06:02:30 precise64 kernel: [    0.000000]  BIOS-e820: 00000000fffc0000 - 0000000100000000 (reserved)
Sep 14 06:02:30 precise64 kernel: [    0.000000] NX (Execute Disable) protection: active
Sep 14 06:02:30 precise64 kernel: [    0.000000] DMI 2.5 present.
Sep 14 06:02:30 precise64 kernel: [    0.000000] DMI: innotek GmbH VirtualBox/VirtualBox, BIOS VirtualBox 12/01/2006
Sep 14 06:02:30 precise64 kernel: [    0.000000] e820 update range: 0000000000000000 - 0000000000010000 (usable) ==> (reserved)
Sep 14 06:02:30 precise64 kernel: [    0.000000] e820 remove range: 00000000000a0000 - 0000000000100000 (usable)
Sep 14 06:02:30 precise64 kernel: [    0.000000] No AGP bridge found
Sep 14 06:02:30 precise64 kernel: [    0.000000] last_pfn = 0x17ff0 max_arch_pfn = 0x400000000
Sep 14 06:02:30 precise64 kernel: [    0.000000] MTRR default type: uncachable
Sep 14 06:02:30 precise64 kernel: [    0.000000] MTRR variable ranges disabled:
Sep 14 06:02:30 precise64 kernel: [    0.000000] x86 PAT enabled: cpu 0, old 0x7040600070406, new 0x7010600070106
Sep 14 06:02:30 precise64 kernel: [    0.000000] CPU MTRRs all blank - virtualized system.
Sep 14 06:02:30 precise64 kernel: [    0.000000] found SMP MP-table at [ffff88000009fff0] 9fff0
Sep 14 06:02:30 precise64 kernel: [    0.000000] initial memory mapped : 0 - 20000000
Sep 14 06:02:30 precise64 kernel: [    0.000000] Base memory trampoline at [ffff88000009a000] 9a000 size 20480
Sep 14 06:02:30 precise64 kernel: [    0.000000] init_memory_mapping: 0000000000000000-0000000017ff0000
Sep 14 06:02:30 precise64 kernel: [    0.000000]  0000000000 - 0017e00000 page 2M
Sep 14 06:02:30 precise64 kernel: [    0.000000]  0017e00000 - 0017ff0000 page 4k
Sep 14 06:02:30 precise64 kernel: [    0.000000] kernel direct mapping tables up to 17ff0000 @ 17fed000-17ff0000
Sep 14 06:02:30 precise64 kernel: [    0.000000] RAMDISK: 166b0000 - 174bd000
Sep 14 06:02:30 precise64 kernel: [    0.000000] ACPI: RSDP 00000000000e0000 00024 (v02 VBOX  )
Sep 14 06:02:30 precise64 kernel: [    0.000000] ACPI: XSDT 0000000017ff0030 0003C (v01 VBOX   VBOXXSDT 00000001 ASL  00000061)
Sep 14 06:02:30 precise64 kernel: [    0.000000] ACPI: FACP 0000000017ff00f0 000F4 (v04 VBOX   VBOXFACP 00000001 ASL  00000061)
Sep 14 06:02:30 precise64 kernel: [    0.000000] ACPI: DSDT 0000000017ff0470 01B96 (v01 VBOX   VBOXBIOS 00000002 INTL 20100528)
Sep 14 06:02:30 precise64 kernel: [    0.000000] ACPI: FACS 0000000017ff0200 00040
Sep 14 06:02:30 precise64 kernel: [    0.000000] ACPI: APIC 0000000017ff0240 0005C (v02 VBOX   VBOXAPIC 00000001 ASL  00000061)
Sep 14 06:02:30 precise64 kernel: [    0.000000] ACPI: SSDT 0000000017ff02a0 001CC (v01 VBOX   VBOXCPUT 00000002 INTL 20100528)
Sep 14 06:02:30 precise64 kernel: [    0.000000] ACPI: Local APIC address 0xfee00000
Sep 14 06:02:30 precise64 kernel: [    0.000000] No NUMA configuration found
Sep 14 06:02:30 precise64 kernel: [    0.000000] Faking a node at 0000000000000000-0000000017ff0000
Sep 14 06:02:30 precise64 kernel: [    0.000000] Initmem setup node 0 0000000000000000-0000000017ff0000
Sep 14 06:02:30 precise64 kernel: [    0.000000]   NODE_DATA [0000000017fe8000 - 0000000017fecfff]
Sep 14 06:02:30 precise64 kernel: [    0.000000]  [ffffea0000000000-ffffea00005fffff] PMD -> [ffff880016000000-ffff8800165fffff] on node 0
Sep 14 06:02:30 precise64 kernel: [    0.000000] Zone PFN ranges:
Sep 14 06:02:30 precise64 kernel: [    0.000000]   DMA      0x00000010 -> 0x00001000
Sep 14 06:02:30 precise64 kernel: [    0.000000]   DMA32    0x00001000 -> 0x00100000
Sep 14 06:02:30 precise64 kernel: [    0.000000]   Normal   empty
Sep 14 06:02:30 precise64 kernel: [    0.000000] Movable zone start PFN for each node
Sep 14 06:02:30 precise64 kernel: [    0.000000] early_node_map[2] active PFN ranges
Sep 14 06:02:30 precise64 kernel: [    0.000000]     0: 0x00000010 -> 0x0000009f
Sep 14 06:02:30 precise64 kernel: [    0.000000]     0: 0x00000100 -> 0x00017ff0
Sep 14 06:02:30 precise64 kernel: [    0.000000] On node 0 totalpages: 98175
Sep 14 06:02:30 precise64 kernel: [    0.000000]   DMA zone: 64 pages used for memmap
Sep 14 06:02:30 precise64 kernel: [    0.000000]   DMA zone: 5 pages reserved
Sep 14 06:02:30 precise64 kernel: [    0.000000]   DMA zone: 3914 pages, LIFO batch:0
Sep 14 06:02:30 precise64 kernel: [    0.000000]   DMA32 zone: 1472 pages used for memmap
Sep 14 06:02:30 precise64 kernel: [    0.000000]   DMA32 zone: 92720 pages, LIFO batch:31
Sep 14 06:02:30 precise64 kernel: [    0.000000] ACPI: PM-Timer IO Port: 0x4008
Sep 14 06:02:30 precise64 kernel: [    0.000000] ACPI: Local APIC address 0xfee00000
Sep 14 06:02:30 precise64 kernel: [    0.000000] ACPI: LAPIC (acpi_id[0x00] lapic_id[0x00] enabled)
Sep 14 06:02:30 precise64 kernel: [    0.000000] ACPI: LAPIC (acpi_id[0x01] lapic_id[0x01] enabled)
Sep 14 06:02:30 precise64 kernel: [    0.000000] ACPI: IOAPIC (id[0x02] address[0xfec00000] gsi_base[0])
Sep 14 06:02:30 precise64 kernel: [    0.000000] IOAPIC[0]: apic_id 2, version 17, address 0xfec00000, GSI 0-23
Sep 14 06:02:30 precise64 kernel: [    0.000000] ACPI: INT_SRC_OVR (bus 0 bus_irq 0 global_irq 2 dfl dfl)
Sep 14 06:02:30 precise64 kernel: [    0.000000] ACPI: INT_SRC_OVR (bus 0 bus_irq 9 global_irq 9 high level)
Sep 14 06:02:30 precise64 kernel: [    0.000000] ACPI: IRQ0 used by override.
Sep 14 06:02:30 precise64 kernel: [    0.000000] ACPI: IRQ2 used by override.
Sep 14 06:02:30 precise64 kernel: [    0.000000] ACPI: IRQ9 used by override.
Sep 14 06:02:30 precise64 kernel: [    0.000000] Using ACPI (MADT) for SMP configuration information
Sep 14 06:02:30 precise64 kernel: [    0.000000] SMP: Allowing 2 CPUs, 0 hotplug CPUs
Sep 14 06:02:30 precise64 kernel: [    0.000000] nr_irqs_gsi: 40
Sep 14 06:02:30 precise64 kernel: [    0.000000] PM: Registered nosave memory: 000000000009f000 - 00000000000a0000
Sep 14 06:02:30 precise64 kernel: [    0.000000] PM: Registered nosave memory: 00000000000a0000 - 00000000000f0000
Sep 14 06:02:30 precise64 kernel: [    0.000000] PM: Registered nosave memory: 00000000000f0000 - 0000000000100000
Sep 14 06:02:30 precise64 kernel: [    0.000000] Allocating PCI resources starting at 18000000 (gap: 18000000:e7fc0000)
Sep 14 06:02:30 precise64 kernel: [    0.000000] Booting paravirtualized kernel on bare hardware
Sep 14 06:02:30 precise64 kernel: [    0.000000] setup_percpu: NR_CPUS:256 nr_cpumask_bits:256 nr_cpu_ids:2 nr_node_ids:1
Sep 14 06:02:30 precise64 kernel: [    0.000000] PERCPU: Embedded 28 pages/cpu @ffff880017c00000 s83072 r8192 d23424 u1048576
Sep 14 06:02:30 precise64 kernel: [    0.000000] pcpu-alloc: s83072 r8192 d23424 u1048576 alloc=1*2097152
Sep 14 06:02:30 precise64 kernel: [    0.000000] pcpu-alloc: [0] 0 1 
Sep 14 06:02:30 precise64 kernel: [    0.000000] Built 1 zonelists in Node order, mobility grouping on.  Total pages: 96634
Sep 14 06:02:30 precise64 kernel: [    0.000000] Policy zone: DMA32
Sep 14 06:02:30 precise64 kernel: [    0.000000] Kernel command line: BOOT_IMAGE=/vmlinuz-3.2.0-23-generic root=/dev/mapper/precise64-root ro quiet
Sep 14 06:02:30 precise64 kernel: [    0.000000] PID hash table entries: 2048 (order: 2, 16384 bytes)
Sep 14 06:02:30 precise64 kernel: [    0.000000] Checking aperture...
Sep 14 06:02:30 precise64 kernel: [    0.000000] No AGP bridge found
Sep 14 06:02:30 precise64 kernel: [    0.000000] Calgary: detecting Calgary via BIOS EBDA area
Sep 14 06:02:30 precise64 kernel: [    0.000000] Calgary: Unable to locate Rio Grande table in EBDA - bailing!
Sep 14 06:02:30 precise64 kernel: [    0.000000] Memory: 356144k/393152k available (6566k kernel code, 452k absent, 36556k reserved, 6637k data, 920k init)
Sep 14 06:02:30 precise64 kernel: [    0.000000] SLUB: Genslabs=15, HWalign=64, Order=0-3, MinObjects=0, CPUs=2, Nodes=1
Sep 14 06:02:30 precise64 kernel: [    0.000000] Hierarchical RCU implementation.
Sep 14 06:02:30 precise64 kernel: [    0.000000] 	RCU dyntick-idle grace-period acceleration is enabled.
Sep 14 06:02:30 precise64 kernel: [    0.000000] NR_IRQS:16640 nr_irqs:512 16
Sep 14 06:02:30 precise64 kernel: [    0.000000] Console: colour dummy device 80x25
Sep 14 06:02:30 precise64 kernel: [    0.000000] console [tty0] enabled
Sep 14 06:02:30 precise64 kernel: [    0.000000] allocated 3145728 bytes of page_cgroup
Sep 14 06:02:30 precise64 kernel: [    0.000000] please try 'cgroup_disable=memory' option if you don't want memory cgroups
Sep 14 06:02:30 precise64 kernel: [    0.000000] Fast TSC calibration using PIT
Sep 14 06:02:30 precise64 kernel: [    0.000000] Detected 1687.809 MHz processor.
Sep 14 06:02:30 precise64 kernel: [    0.004003] Calibrating delay loop (skipped), value calculated using timer frequency.. 3375.61 BogoMIPS (lpj=6751236)
Sep 14 06:02:30 precise64 kernel: [    0.004007] pid_max: default: 32768 minimum: 301
Sep 14 06:02:30 precise64 kernel: [    0.004032] Security Framework initialized
Sep 14 06:02:30 precise64 kernel: [    0.004049] AppArmor: AppArmor initialized
Sep 14 06:02:30 precise64 kernel: [    0.004051] Yama: becoming mindful.
Sep 14 06:02:30 precise64 kernel: [    0.004129] Dentry cache hash table entries: 65536 (order: 7, 524288 bytes)
Sep 14 06:02:30 precise64 kernel: [    0.004245] Inode-cache hash table entries: 32768 (order: 6, 262144 bytes)
Sep 14 06:02:30 precise64 kernel: [    0.004294] Mount-cache hash table entries: 256
Sep 14 06:02:30 precise64 kernel: [    0.004395] Initializing cgroup subsys cpuacct
Sep 14 06:02:30 precise64 kernel: [    0.004398] Initializing cgroup subsys memory
Sep 14 06:02:30 precise64 kernel: [    0.004404] Initializing cgroup subsys devices
Sep 14 06:02:30 precise64 kernel: [    0.004406] Initializing cgroup subsys freezer
Sep 14 06:02:30 precise64 kernel: [    0.004408] Initializing cgroup subsys blkio
Sep 14 06:02:30 precise64 kernel: [    0.004412] Initializing cgroup subsys perf_event
Sep 14 06:02:30 precise64 kernel: [    0.004553] CPU: Physical Processor ID: 0
Sep 14 06:02:30 precise64 kernel: [    0.004557] CPU: Processor Core ID: 0
Sep 14 06:02:30 precise64 kernel: [    0.004565] mce: CPU supports 0 MCE banks
Sep 14 06:02:30 precise64 kernel: [    0.027157] ACPI: Core revision 20110623
Sep 14 06:02:30 precise64 kernel: [    0.028049] ftrace: allocating 27049 entries in 107 pages
Sep 14 06:02:30 precise64 kernel: [    0.040472] ..TIMER: vector=0x30 apic1=0 pin1=2 apic2=-1 pin2=-1
Sep 14 06:02:30 precise64 kernel: [    0.082782] CPU0: Intel(R) Core(TM) i5-2557M CPU @ 1.70GHz stepping 07
Sep 14 06:02:30 precise64 kernel: [    0.084004] Performance Events: unsupported p6 CPU model 42 no PMU driver, software events only.
Sep 14 06:02:30 precise64 kernel: [    0.084004] NMI watchdog disabled (cpu0): hardware events not enabled
Sep 14 06:02:30 precise64 kernel: [    0.084004] Booting Node   0, Processors  #1 Ok.
Sep 14 06:02:30 precise64 kernel: [    0.084004] smpboot cpu 1: start_ip = 9a000
Sep 14 06:02:30 precise64 kernel: [    0.008000] mce: CPU supports 0 MCE banks
Sep 14 06:02:30 precise64 kernel: [    0.176010] TSC synchronization [CPU#0 -> CPU#1]:
Sep 14 06:02:30 precise64 kernel: [    0.176010] Measured 699651 cycles TSC warp between CPUs, turning off TSC clock.
Sep 14 06:02:30 precise64 kernel: [    0.176010] Marking TSC unstable due to check_tsc_sync_source failed
Sep 14 06:02:30 precise64 kernel: [    0.176054] NMI watchdog disabled (cpu1): hardware events not enabled
Sep 14 06:02:30 precise64 kernel: [    0.176117] Brought up 2 CPUs
Sep 14 06:02:30 precise64 kernel: [    0.176119] Total of 2 processors activated (6759.61 BogoMIPS).
Sep 14 06:02:30 precise64 kernel: [    0.176765] devtmpfs: initialized
Sep 14 06:02:30 precise64 kernel: [    0.176765] EVM: security.selinux
Sep 14 06:02:30 precise64 kernel: [    0.176765] EVM: security.SMACK64
Sep 14 06:02:30 precise64 kernel: [    0.176765] EVM: security.capability
Sep 14 06:02:30 precise64 kernel: [    0.176857] print_constraints: dummy: 
Sep 14 06:02:30 precise64 kernel: [    0.176918] RTC time:  6:02:27, date: 09/14/12
Sep 14 06:02:30 precise64 kernel: [    0.176949] NET: Registered protocol family 16
Sep 14 06:02:30 precise64 kernel: [    0.177152] ACPI: bus type pci registered
Sep 14 06:02:30 precise64 kernel: [    0.177075] Trying to unpack rootfs image as initramfs...
Sep 14 06:02:30 precise64 kernel: [    0.177278] PCI: Using configuration type 1 for base access
Sep 14 06:02:30 precise64 kernel: [    0.178017] bio: create slab <bio-0> at 0
Sep 14 06:02:30 precise64 kernel: [    0.180068] ACPI: Added _OSI(Module Device)
Sep 14 06:02:30 precise64 kernel: [    0.180070] ACPI: Added _OSI(Processor Device)
Sep 14 06:02:30 precise64 kernel: [    0.180072] ACPI: Added _OSI(3.0 _SCP Extensions)
Sep 14 06:02:30 precise64 kernel: [    0.180073] ACPI: Added _OSI(Processor Aggregator Device)
Sep 14 06:02:30 precise64 kernel: [    0.180525] ACPI: EC: Look up EC in DSDT
Sep 14 06:02:30 precise64 kernel: [    0.180854] ACPI: Executed 1 blocks of module-level executable AML code
Sep 14 06:02:30 precise64 kernel: [    0.183815] ACPI: Interpreter enabled
Sep 14 06:02:30 precise64 kernel: [    0.183821] ACPI: (supports S0 S5)
Sep 14 06:02:30 precise64 kernel: [    0.183837] ACPI: Using IOAPIC for interrupt routing
Sep 14 06:02:30 precise64 kernel: [    0.187254] ACPI: No dock devices found.
Sep 14 06:02:30 precise64 kernel: [    0.187263] HEST: Table not found.
Sep 14 06:02:30 precise64 kernel: [    0.187272] PCI: Ignoring host bridge windows from ACPI; if necessary, use "pci=use_crs" and report a bug
Sep 14 06:02:30 precise64 kernel: [    0.187341] ACPI: PCI Root Bridge [PCI0] (domain 0000 [bus 00-ff])
Sep 14 06:02:30 precise64 kernel: [    0.187530] pci_root PNP0A03:00: host bridge window [io  0x0000-0x0cf7] (ignored)
Sep 14 06:02:30 precise64 kernel: [    0.187534] pci_root PNP0A03:00: host bridge window [io  0x0d00-0xffff] (ignored)
Sep 14 06:02:30 precise64 kernel: [    0.187537] pci_root PNP0A03:00: host bridge window [mem 0x000a0000-0x000bffff] (ignored)
Sep 14 06:02:30 precise64 kernel: [    0.187541] pci_root PNP0A03:00: host bridge window [mem 0x18000000-0xffdfffff] (ignored)
Sep 14 06:02:30 precise64 kernel: [    0.187620] pci 0000:00:00.0: [8086:1237] type 0 class 0x000600
Sep 14 06:02:30 precise64 kernel: [    0.188484] pci 0000:00:01.0: [8086:7000] type 0 class 0x000601
Sep 14 06:02:30 precise64 kernel: [    0.189247] pci 0000:00:01.1: [8086:7111] type 0 class 0x000101
Sep 14 06:02:30 precise64 kernel: [    0.189806] pci 0000:00:01.1: reg 20: [io  0xd000-0xd00f]
Sep 14 06:02:30 precise64 kernel: [    0.190212] pci 0000:00:02.0: [80ee:beef] type 0 class 0x000300
Sep 14 06:02:30 precise64 kernel: [    0.191075] pci 0000:00:02.0: reg 10: [mem 0xe0000000-0xe07fffff pref]
Sep 14 06:02:30 precise64 kernel: [    0.195384] pci 0000:00:03.0: [8086:100e] type 0 class 0x000200
Sep 14 06:02:30 precise64 kernel: [    0.195863] pci 0000:00:03.0: reg 10: [mem 0xf0000000-0xf001ffff]
Sep 14 06:02:30 precise64 kernel: [    0.196694] pci 0000:00:03.0: reg 18: [io  0xd010-0xd017]
Sep 14 06:02:30 precise64 kernel: [    0.198748] pci 0000:00:04.0: [80ee:cafe] type 0 class 0x000880
Sep 14 06:02:30 precise64 kernel: [    0.199201] pci 0000:00:04.0: reg 10: [io  0xd020-0xd03f]
Sep 14 06:02:30 precise64 kernel: [    0.199709] pci 0000:00:04.0: reg 14: [mem 0xf0400000-0xf07fffff]
Sep 14 06:02:30 precise64 kernel: [    0.200192] pci 0000:00:04.0: reg 18: [mem 0xf0800000-0xf0803fff pref]
Sep 14 06:02:30 precise64 kernel: [    0.201835] pci 0000:00:07.0: [8086:7113] type 0 class 0x000680
Sep 14 06:02:30 precise64 kernel: [    0.203087] pci 0000:00:0d.0: [8086:2829] type 0 class 0x000106
Sep 14 06:02:30 precise64 kernel: [    0.203586] pci 0000:00:0d.0: reg 10: [io  0xd040-0xd047]
Sep 14 06:02:30 precise64 kernel: [    0.204742] pci 0000:00:0d.0: reg 18: [io  0xd050-0xd057]
Sep 14 06:02:30 precise64 kernel: [    0.205569] pci 0000:00:0d.0: reg 20: [io  0xd060-0xd06f]
Sep 14 06:02:30 precise64 kernel: [    0.206037] pci 0000:00:0d.0: reg 24: [mem 0xf0804000-0xf0805fff]
Sep 14 06:02:30 precise64 kernel: [    0.207159] ACPI: PCI Interrupt Routing Table [\_SB_.PCI0._PRT]
Sep 14 06:02:30 precise64 kernel: [    0.207835]  pci0000:00: Unable to request _OSC control (_OSC support mask: 0x1e)
Sep 14 06:02:30 precise64 kernel: [    0.215222] ACPI: PCI Interrupt Link [LNKA] (IRQs *5 9 10 11)
Sep 14 06:02:30 precise64 kernel: [    0.215471] ACPI: PCI Interrupt Link [LNKB] (IRQs 5 9 10 *11)
Sep 14 06:02:30 precise64 kernel: [    0.216130] ACPI: PCI Interrupt Link [LNKC] (IRQs 5 9 *10 11)
Sep 14 06:02:30 precise64 kernel: [    0.216222] ACPI: PCI Interrupt Link [LNKD] (IRQs 5 *9 10 11)
Sep 14 06:02:30 precise64 kernel: [    0.216425] vgaarb: device added: PCI:0000:00:02.0,decodes=io+mem,owns=io+mem,locks=none
Sep 14 06:02:30 precise64 kernel: [    0.216430] vgaarb: loaded
Sep 14 06:02:30 precise64 kernel: [    0.216431] vgaarb: bridge control possible 0000:00:02.0
Sep 14 06:02:30 precise64 kernel: [    0.216534] i2c-core: driver [aat2870] using legacy suspend method
Sep 14 06:02:30 precise64 kernel: [    0.216536] i2c-core: driver [aat2870] using legacy resume method
Sep 14 06:02:30 precise64 kernel: [    0.216613] SCSI subsystem initialized
Sep 14 06:02:30 precise64 kernel: [    0.220064] libata version 3.00 loaded.
Sep 14 06:02:30 precise64 kernel: [    0.220132] usbcore: registered new interface driver usbfs
Sep 14 06:02:30 precise64 kernel: [    0.220142] usbcore: registered new interface driver hub
Sep 14 06:02:30 precise64 kernel: [    0.220171] usbcore: registered new device driver usb
Sep 14 06:02:30 precise64 kernel: [    0.220214] PCI: Using ACPI for IRQ routing
Sep 14 06:02:30 precise64 kernel: [    0.220214] PCI: pci_cache_line_size set to 64 bytes
Sep 14 06:02:30 precise64 kernel: [    0.220478] reserve RAM buffer: 000000000009fc00 - 000000000009ffff 
Sep 14 06:02:30 precise64 kernel: [    0.220488] reserve RAM buffer: 0000000017ff0000 - 0000000017ffffff 
Sep 14 06:02:30 precise64 kernel: [    0.220650] NetLabel: Initializing
Sep 14 06:02:30 precise64 kernel: [    0.220652] NetLabel:  domain hash size = 128
Sep 14 06:02:30 precise64 kernel: [    0.220654] NetLabel:  protocols = UNLABELED CIPSOv4
Sep 14 06:02:30 precise64 kernel: [    0.220668] NetLabel:  unlabeled traffic allowed by default
Sep 14 06:02:30 precise64 kernel: [    0.227196] AppArmor: AppArmor Filesystem Enabled
Sep 14 06:02:30 precise64 kernel: [    0.227235] pnp: PnP ACPI init
Sep 14 06:02:30 precise64 kernel: [    0.227263] ACPI: bus type pnp registered
Sep 14 06:02:30 precise64 kernel: [    0.227395] pnp 00:00: [bus 00-ff]
Sep 14 06:02:30 precise64 kernel: [    0.227397] pnp 00:00: [io  0x0cf8-0x0cff]
Sep 14 06:02:30 precise64 kernel: [    0.227399] pnp 00:00: [io  0x0000-0x0cf7 window]
Sep 14 06:02:30 precise64 kernel: [    0.227401] pnp 00:00: [io  0x0d00-0xffff window]
Sep 14 06:02:30 precise64 kernel: [    0.227403] pnp 00:00: [mem 0x000a0000-0x000bffff window]
Sep 14 06:02:30 precise64 kernel: [    0.227405] pnp 00:00: [mem 0x18000000-0xffdfffff window]
Sep 14 06:02:30 precise64 kernel: [    0.227441] pnp 00:00: Plug and Play ACPI device, IDs PNP0a03 (active)
Sep 14 06:02:30 precise64 kernel: [    0.227457] pnp 00:01: [io  0x0060]
Sep 14 06:02:30 precise64 kernel: [    0.227459] pnp 00:01: [io  0x0064]
Sep 14 06:02:30 precise64 kernel: [    0.227496] pnp 00:01: [irq 1]
Sep 14 06:02:30 precise64 kernel: [    0.227516] pnp 00:01: Plug and Play ACPI device, IDs PNP0303 (active)
Sep 14 06:02:30 precise64 kernel: [    0.227525] pnp 00:02: [io  0x0000-0x000f]
Sep 14 06:02:30 precise64 kernel: [    0.227526] pnp 00:02: [io  0x0080-0x008f]
Sep 14 06:02:30 precise64 kernel: [    0.227530] pnp 00:02: [io  0x00c0-0x00df]
Sep 14 06:02:30 precise64 kernel: [    0.227531] pnp 00:02: [dma 4]
Sep 14 06:02:30 precise64 kernel: [    0.227550] pnp 00:02: Plug and Play ACPI device, IDs PNP0200 (active)
Sep 14 06:02:30 precise64 kernel: [    0.227620] pnp 00:03: [irq 12]
Sep 14 06:02:30 precise64 kernel: [    0.227641] pnp 00:03: Plug and Play ACPI device, IDs PNP0f03 (active)
Sep 14 06:02:30 precise64 kernel: [    0.227654] pnp 00:04: [io  0x0378-0x037f]
Sep 14 06:02:30 precise64 kernel: [    0.227656] pnp 00:04: [io  0x0778-0x077f]
Sep 14 06:02:30 precise64 kernel: [    0.227680] pnp 00:04: [irq 7]
Sep 14 06:02:30 precise64 kernel: [    0.227698] pnp 00:04: Plug and Play ACPI device, IDs PNP0400 (active)
Sep 14 06:02:30 precise64 kernel: [    0.232949] pnp: PnP ACPI: found 5 devices
Sep 14 06:02:30 precise64 kernel: [    0.232952] ACPI: ACPI bus type pnp unregistered
Sep 14 06:02:30 precise64 kernel: [    0.239665] Switching to clocksource acpi_pm
Sep 14 06:02:30 precise64 kernel: [    0.240014] PCI: max bus depth: 0 pci_try_num: 1
Sep 14 06:02:30 precise64 kernel: [    0.240014] pci_bus 0000:00: resource 0 [io  0x0000-0xffff]
Sep 14 06:02:30 precise64 kernel: [    0.240014] pci_bus 0000:00: resource 1 [mem 0x00000000-0xfffffffff]
Sep 14 06:02:30 precise64 kernel: [    0.240014] NET: Registered protocol family 2
Sep 14 06:02:30 precise64 kernel: [    0.240014] IP route cache hash table entries: 4096 (order: 3, 32768 bytes)
Sep 14 06:02:30 precise64 kernel: [    0.240014] TCP established hash table entries: 16384 (order: 6, 262144 bytes)
Sep 14 06:02:30 precise64 kernel: [    0.240014] TCP bind hash table entries: 16384 (order: 6, 262144 bytes)
Sep 14 06:02:30 precise64 kernel: [    0.240014] TCP: Hash tables configured (established 16384 bind 16384)
Sep 14 06:02:30 precise64 kernel: [    0.240014] TCP reno registered
Sep 14 06:02:30 precise64 kernel: [    0.240014] UDP hash table entries: 256 (order: 1, 8192 bytes)
Sep 14 06:02:30 precise64 kernel: [    0.240014] UDP-Lite hash table entries: 256 (order: 1, 8192 bytes)
Sep 14 06:02:30 precise64 kernel: [    0.240014] NET: Registered protocol family 1
Sep 14 06:02:30 precise64 kernel: [    0.240014] pci 0000:00:00.0: Limiting direct PCI/PCI transfers
Sep 14 06:02:30 precise64 kernel: [    0.240308] pci 0000:00:01.0: Activating ISA DMA hang workarounds
Sep 14 06:02:30 precise64 kernel: [    0.240308] pci 0000:00:02.0: Boot video device
Sep 14 06:02:30 precise64 kernel: [    0.240308] PCI: CLS 0 bytes, default 64
Sep 14 06:02:30 precise64 kernel: [    0.240412] platform rtc_cmos: registered platform RTC device (no PNP device found)
Sep 14 06:02:30 precise64 kernel: [    0.240908] audit: initializing netlink socket (disabled)
Sep 14 06:02:30 precise64 kernel: [    0.240931] type=2000 audit(1347602547.240:1): initialized
Sep 14 06:02:30 precise64 kernel: [    0.266453] HugeTLB registered 2 MB page size, pre-allocated 0 pages
Sep 14 06:02:30 precise64 kernel: [    0.268003] VFS: Disk quotas dquot_6.5.2
Sep 14 06:02:30 precise64 kernel: [    0.268053] Dquot-cache hash table entries: 512 (order 0, 4096 bytes)
Sep 14 06:02:30 precise64 kernel: [    0.269074] fuse init (API version 7.17)
Sep 14 06:02:30 precise64 kernel: [    0.269239] msgmni has been set to 695
Sep 14 06:02:30 precise64 kernel: [    0.270028] Block layer SCSI generic (bsg) driver version 0.4 loaded (major 253)
Sep 14 06:02:30 precise64 kernel: [    0.270105] io scheduler noop registered
Sep 14 06:02:30 precise64 kernel: [    0.270110] io scheduler deadline registered
Sep 14 06:02:30 precise64 kernel: [    0.270145] io scheduler cfq registered (default)
Sep 14 06:02:30 precise64 kernel: [    0.270255] pci_hotplug: PCI Hot Plug PCI Core version: 0.5
Sep 14 06:02:30 precise64 kernel: [    0.270279] pciehp: PCI Express Hot Plug Controller Driver version: 0.4
Sep 14 06:02:30 precise64 kernel: [    0.270932] ACPI: Deprecated procfs I/F for AC is loaded, please retry with CONFIG_ACPI_PROCFS_POWER cleared
Sep 14 06:02:30 precise64 kernel: [    0.271465] ACPI: AC Adapter [AC] (on-line)
Sep 14 06:02:30 precise64 kernel: [    0.271528] input: Power Button as /devices/LNXSYSTM:00/LNXPWRBN:00/input/input0
Sep 14 06:02:30 precise64 kernel: [    0.271533] ACPI: Power Button [PWRF]
Sep 14 06:02:30 precise64 kernel: [    0.271639] input: Sleep Button as /devices/LNXSYSTM:00/LNXSLPBN:00/input/input1
Sep 14 06:02:30 precise64 kernel: [    0.271642] ACPI: Sleep Button [SLPF]
Sep 14 06:02:30 precise64 kernel: [    0.273470] ACPI: Deprecated procfs I/F for battery is loaded, please retry with CONFIG_ACPI_PROCFS_POWER cleared
Sep 14 06:02:30 precise64 kernel: [    0.273506] ACPI: Battery Slot [BAT0] (battery present)
Sep 14 06:02:30 precise64 kernel: [    0.273523] ERST: Table is not found!
Sep 14 06:02:30 precise64 kernel: [    0.273524] GHES: HEST is not enabled!
Sep 14 06:02:30 precise64 kernel: [    0.275120] Serial: 8250/16550 driver, 32 ports, IRQ sharing enabled
Sep 14 06:02:30 precise64 kernel: [    0.277422] ACPI: Battery Slot [BAT0] (battery present)
Sep 14 06:02:30 precise64 kernel: [    0.459744] Freeing initrd memory: 14388k freed
Sep 14 06:02:30 precise64 kernel: [    0.509129] Linux agpgart interface v0.103
Sep 14 06:02:30 precise64 kernel: [    0.513988] brd: module loaded
Sep 14 06:02:30 precise64 kernel: [    0.515763] loop: module loaded
Sep 14 06:02:30 precise64 kernel: [    0.515892] ahci 0000:00:0d.0: version 3.0
Sep 14 06:02:30 precise64 kernel: [    0.515961] ahci 0000:00:0d.0: PCI INT A -> GSI 21 (level, low) -> IRQ 21
Sep 14 06:02:30 precise64 kernel: [    0.516166] ahci: SSS flag set, parallel bus scan disabled
Sep 14 06:02:30 precise64 kernel: [    0.516392] ahci 0000:00:0d.0: AHCI 0001.0100 32 slots 1 ports 3 Gbps 0x1 impl SATA mode
Sep 14 06:02:30 precise64 kernel: [    0.516395] ahci 0000:00:0d.0: flags: 64bit ncq stag only ccc 
Sep 14 06:02:30 precise64 kernel: [    0.517027] scsi0 : ahci
Sep 14 06:02:30 precise64 kernel: [    0.517108] ata1: SATA max UDMA/133 abar m8192@0xf0804000 port 0xf0804100 irq 21
Sep 14 06:02:30 precise64 kernel: [    0.517149] ata_piix 0000:00:01.1: version 2.13
Sep 14 06:02:30 precise64 kernel: [    0.517908] scsi1 : ata_piix
Sep 14 06:02:30 precise64 kernel: [    0.518240] scsi2 : ata_piix
Sep 14 06:02:30 precise64 kernel: [    0.518290] ata2: PATA max UDMA/33 cmd 0x1f0 ctl 0x3f6 bmdma 0xd000 irq 14
Sep 14 06:02:30 precise64 kernel: [    0.518292] ata3: PATA max UDMA/33 cmd 0x170 ctl 0x376 bmdma 0xd008 irq 15
Sep 14 06:02:30 precise64 kernel: [    0.518754] Fixed MDIO Bus: probed
Sep 14 06:02:30 precise64 kernel: [    0.518778] tun: Universal TUN/TAP device driver, 1.6
Sep 14 06:02:30 precise64 kernel: [    0.518779] tun: (C) 1999-2004 Max Krasnyansky <maxk@qualcomm.com>
Sep 14 06:02:30 precise64 kernel: [    0.518857] PPP generic driver version 2.4.2
Sep 14 06:02:30 precise64 kernel: [    0.519078] ehci_hcd: USB 2.0 'Enhanced' Host Controller (EHCI) Driver
Sep 14 06:02:30 precise64 kernel: [    0.519094] ohci_hcd: USB 1.1 'Open' Host Controller (OHCI) Driver
Sep 14 06:02:30 precise64 kernel: [    0.519103] uhci_hcd: USB Universal Host Controller Interface driver
Sep 14 06:02:30 precise64 kernel: [    0.519135] usbcore: registered new interface driver libusual
Sep 14 06:02:30 precise64 kernel: [    0.519171] i8042: PNP: PS/2 Controller [PNP0303:PS2K,PNP0f03:PS2M] at 0x60,0x64 irq 1,12
Sep 14 06:02:30 precise64 kernel: [    0.672655] ata2.00: ATAPI: VBOX CD-ROM, 1.0, max UDMA/133
Sep 14 06:02:30 precise64 kernel: [    0.673214] ata2.00: configured for UDMA/33
Sep 14 06:02:30 precise64 kernel: [    0.673790] ata3.00: ATAPI: VBOX CD-ROM, 1.0, max UDMA/133
Sep 14 06:02:30 precise64 kernel: [    0.674325] ata3.00: configured for UDMA/33
Sep 14 06:02:30 precise64 kernel: [    1.065700] serio: i8042 KBD port at 0x60,0x64 irq 1
Sep 14 06:02:30 precise64 kernel: [    1.065710] serio: i8042 AUX port at 0x60,0x64 irq 12
Sep 14 06:02:30 precise64 kernel: [    1.066149] mousedev: PS/2 mouse device common for all mice
Sep 14 06:02:30 precise64 kernel: [    1.066895] input: AT Translated Set 2 keyboard as /devices/platform/i8042/serio0/input/input2
Sep 14 06:02:30 precise64 kernel: [    1.067681] rtc_cmos rtc_cmos: rtc core: registered rtc_cmos as rtc0
Sep 14 06:02:30 precise64 kernel: [    1.067770] rtc0: alarms up to one day, 114 bytes nvram
Sep 14 06:02:30 precise64 kernel: [    1.067856] device-mapper: uevent: version 1.0.3
Sep 14 06:02:30 precise64 kernel: [    1.068176] device-mapper: ioctl: 4.22.0-ioctl (2011-10-19) initialised: dm-devel@redhat.com
Sep 14 06:02:30 precise64 kernel: [    1.068176] cpuidle: using governor ladder
Sep 14 06:02:30 precise64 kernel: [    1.068176] cpuidle: using governor menu
Sep 14 06:02:30 precise64 kernel: [    1.068176] EFI Variables Facility v0.08 2004-May-17
Sep 14 06:02:30 precise64 kernel: [    1.068346] TCP cubic registered
Sep 14 06:02:30 precise64 kernel: [    1.068431] NET: Registered protocol family 10
Sep 14 06:02:30 precise64 kernel: [    1.068802] NET: Registered protocol family 17
Sep 14 06:02:30 precise64 kernel: [    1.068818] Registering the dns_resolver key type
Sep 14 06:02:30 precise64 kernel: [    1.069265] PM: Hibernation image not present or could not be loaded.
Sep 14 06:02:30 precise64 kernel: [    1.069277] registered taskstats version 1
Sep 14 06:02:30 precise64 kernel: [    1.080070]   Magic number: 12:664:13
Sep 14 06:02:30 precise64 kernel: [    1.080228] rtc_cmos rtc_cmos: setting system clock to 2012-09-14 06:02:28 UTC (1347602548)
Sep 14 06:02:30 precise64 kernel: [    1.080279] BIOS EDD facility v0.16 2004-Jun-25, 0 devices found
Sep 14 06:02:30 precise64 kernel: [    1.080281] EDD information not available.
Sep 14 06:02:30 precise64 kernel: [    1.372350] ata1: SATA link up 3.0 Gbps (SStatus 123 SControl 300)
Sep 14 06:02:30 precise64 kernel: [    1.372479] ata1.00: ATA-6: VBOX HARDDISK, 1.0, max UDMA/133
Sep 14 06:02:30 precise64 kernel: [    1.372483] ata1.00: 167772160 sectors, multi 128: LBA48 NCQ (depth 31/32)
Sep 14 06:02:30 precise64 kernel: [    1.372641] ata1.00: configured for UDMA/133
Sep 14 06:02:30 precise64 kernel: [    1.373213] scsi 0:0:0:0: Direct-Access     ATA      VBOX HARDDISK    1.0  PQ: 0 ANSI: 5
Sep 14 06:02:30 precise64 kernel: [    1.373440] sd 0:0:0:0: Attached scsi generic sg0 type 0
Sep 14 06:02:30 precise64 kernel: [    1.373456] sd 0:0:0:0: [sda] 167772160 512-byte logical blocks: (85.8 GB/80.0 GiB)
Sep 14 06:02:30 precise64 kernel: [    1.373518] sd 0:0:0:0: [sda] Write Protect is off
Sep 14 06:02:30 precise64 kernel: [    1.373521] sd 0:0:0:0: [sda] Mode Sense: 00 3a 00 00
Sep 14 06:02:30 precise64 kernel: [    1.373547] sd 0:0:0:0: [sda] Write cache: enabled, read cache: enabled, doesn't support DPO or FUA
Sep 14 06:02:30 precise64 kernel: [    1.374159] scsi 1:0:0:0: CD-ROM            VBOX     CD-ROM           1.0  PQ: 0 ANSI: 5
Sep 14 06:02:30 precise64 kernel: [    1.375531]  sda: sda1 sda2 < sda5 >
Sep 14 06:02:30 precise64 kernel: [    1.376221] sr0: scsi3-mmc drive: 32x/32x xa/form2 tray
Sep 14 06:02:30 precise64 kernel: [    1.376236] cdrom: Uniform CD-ROM driver Revision: 3.20
Sep 14 06:02:30 precise64 kernel: [    1.376424] sr 1:0:0:0: Attached scsi CD-ROM sr0
Sep 14 06:02:30 precise64 kernel: [    1.376688] sr 1:0:0:0: Attached scsi generic sg1 type 5
Sep 14 06:02:30 precise64 kernel: [    1.377604] scsi 2:0:0:0: CD-ROM            VBOX     CD-ROM           1.0  PQ: 0 ANSI: 5
Sep 14 06:02:30 precise64 kernel: [    1.377722] sd 0:0:0:0: [sda] Attached SCSI disk
Sep 14 06:02:30 precise64 kernel: [    1.378243] sr1: scsi3-mmc drive: 32x/32x xa/form2 tray
Sep 14 06:02:30 precise64 kernel: [    1.378562] sr 2:0:0:0: Attached scsi CD-ROM sr1
Sep 14 06:02:30 precise64 kernel: [    1.378761] sr 2:0:0:0: Attached scsi generic sg2 type 5
Sep 14 06:02:30 precise64 kernel: [    1.380674] Freeing unused kernel memory: 920k freed
Sep 14 06:02:30 precise64 kernel: [    1.380729] Write protecting the kernel read-only data: 12288k
Sep 14 06:02:30 precise64 kernel: [    1.385741] Freeing unused kernel memory: 1608k freed
Sep 14 06:02:30 precise64 kernel: [    1.389469] Freeing unused kernel memory: 1196k freed
Sep 14 06:02:30 precise64 kernel: [    1.482634] e1000: Intel(R) PRO/1000 Network Driver - version 7.3.21-k8-NAPI
Sep 14 06:02:30 precise64 kernel: [    1.482639] e1000: Copyright (c) 1999-2006 Intel Corporation.
Sep 14 06:02:30 precise64 kernel: [    1.482885] e1000 0000:00:03.0: PCI INT A -> GSI 19 (level, low) -> IRQ 19
Sep 14 06:02:30 precise64 kernel: [    1.990963] e1000 0000:00:03.0: eth0: (PCI:33MHz:32-bit) 08:00:27:88:0c:a6
Sep 14 06:02:30 precise64 kernel: [    1.990975] e1000 0000:00:03.0: eth0: Intel(R) PRO/1000 Network Connection
Sep 14 06:02:30 precise64 kernel: [    2.069425] EXT4-fs (dm-0): mounted filesystem with ordered data mode. Opts: (null)
Sep 14 06:02:30 precise64 kernel: [    2.633932] ADDRCONF(NETDEV_UP): eth0: link is not ready
Sep 14 06:02:30 precise64 kernel: [    2.710977] Adding 786428k swap on /dev/mapper/precise64-swap_1.  Priority:-1 extents:1 across:786428k 
Sep 14 06:02:30 precise64 kernel: [    2.749379] lp: driver loaded but no devices found
Sep 14 06:02:30 precise64 kernel: [    2.867670] piix4_smbus 0000:00:07.0: SMBus base address uninitialized - upgrade BIOS or use force_addr=0xaddr
Sep 14 06:02:30 precise64 kernel: [    2.876374] EXT4-fs (dm-0): re-mounted. Opts: errors=remount-ro
Sep 14 06:02:30 precise64 kernel: [    2.920573] parport_pc 00:04: reported by Plug and Play ACPI
Sep 14 06:02:30 precise64 kernel: [    2.950512] input: ImExPS/2 Generic Explorer Mouse as /devices/platform/i8042/serio1/input/input3
Sep 14 06:02:30 precise64 kernel: [    3.094838] ppdev: user-space parallel port driver
Sep 14 06:02:30 precise64 kernel: [    3.448400] vesafb: mode is 640x480x32, linelength=2560, pages=0
Sep 14 06:02:30 precise64 kernel: [    3.448403] vesafb: scrolling: redraw
Sep 14 06:02:30 precise64 kernel: [    3.448406] vesafb: Truecolor: size=8:8:8:8, shift=24:16:8:0
Sep 14 06:02:30 precise64 kernel: [    3.448421] mtrr: your processor doesn't support write-combining
Sep 14 06:02:30 precise64 kernel: [    3.448626] vesafb: framebuffer at 0xe0000000, mapped to 0xffffc90000280000, using 1216k, total 1216k
Sep 14 06:02:30 precise64 kernel: [    3.449570] Console: switching to colour frame buffer device 80x30
Sep 14 06:02:30 precise64 kernel: [    3.453070] fb0: VESA VGA frame buffer device
Sep 14 06:02:31 precise64 kernel: [    3.745290] type=1400 audit(1347602551.162:2): apparmor="STATUS" operation="profile_load" name="/sbin/dhclient" pid=405 comm="apparmor_parser"
Sep 14 06:02:31 precise64 kernel: [    3.745425] type=1400 audit(1347602551.162:3): apparmor="STATUS" operation="profile_load" name="/usr/lib/NetworkManager/nm-dhcp-client.action" pid=405 comm="apparmor_parser"
Sep 14 06:02:31 precise64 kernel: [    3.745505] type=1400 audit(1347602551.162:4): apparmor="STATUS" operation="profile_load" name="/usr/lib/connman/scripts/dhclient-script" pid=405 comm="apparmor_parser"
Sep 14 06:02:31 precise64 kernel: [    3.954336] type=1400 audit(1347602551.370:5): apparmor="STATUS" operation="profile_replace" name="/sbin/dhclient" pid=414 comm="apparmor_parser"
Sep 14 06:02:31 precise64 kernel: [    3.954471] type=1400 audit(1347602551.370:6): apparmor="STATUS" operation="profile_replace" name="/usr/lib/NetworkManager/nm-dhcp-client.action" pid=414 comm="apparmor_parser"
Sep 14 06:02:31 precise64 kernel: [    3.954564] type=1400 audit(1347602551.370:7): apparmor="STATUS" operation="profile_replace" name="/usr/lib/connman/scripts/dhclient-script" pid=414 comm="apparmor_parser"
Sep 14 06:02:31 precise64 kernel: [    4.094065] type=1400 audit(1347602551.510:8): apparmor="STATUS" operation="profile_load" name="/usr/sbin/ntpd" pid=527 comm="apparmor_parser"
Sep 14 06:02:31 precise64 kernel: [    4.097887] type=1400 audit(1347602551.514:9): apparmor="STATUS" operation="profile_replace" name="/sbin/dhclient" pid=512 comm="apparmor_parser"
Sep 14 06:02:31 precise64 kernel: [    4.098005] type=1400 audit(1347602551.514:10): apparmor="STATUS" operation="profile_replace" name="/usr/lib/NetworkManager/nm-dhcp-client.action" pid=512 comm="apparmor_parser"
Sep 14 06:02:31 precise64 kernel: [    4.172886] e1000: eth0 NIC Link is Up 1000 Mbps Full Duplex, Flow Control: RX
Sep 14 06:02:31 precise64 kernel: [    4.174218] ADDRCONF(NETDEV_UP): eth0: link is not ready
Sep 14 06:02:31 precise64 kernel: [    4.174252] ADDRCONF(NETDEV_CHANGE): eth0: link becomes ready
Sep 14 06:02:31 precise64 dhclient: DHCPDISCOVER on eth0 to 255.255.255.255 port 67 interval 3
Sep 14 06:02:31 precise64 dhclient: DHCPREQUEST of 10.0.2.15 on eth0 to 255.255.255.255 port 67
Sep 14 06:02:31 precise64 dhclient: DHCPOFFER of 10.0.2.15 from 10.0.2.2
Sep 14 06:02:31 precise64 dhclient: DHCPACK of 10.0.2.15 from 10.0.2.2
Sep 14 06:02:31 precise64 dhclient: bound to 10.0.2.15 -- renewal in 36805 seconds.
Sep 14 06:02:31 precise64 failsafe: Failsafe of 120 seconds reached.
Sep 14 06:02:31 precise64 kernel: [    4.367724] init: failsafe main process (617) killed by TERM signal
Sep 14 06:02:32 precise64 ntpd[739]: ntpd 4.2.6p3@1.2290-o Tue Jun  5 20:12:08 UTC 2012 (1)
Sep 14 06:02:32 precise64 ntpd[745]: proto: precision = 3.352 usec
Sep 14 06:02:32 precise64 ntpd[745]: ntp_io: estimated max descriptors: 1024, initial socket boundary: 16
Sep 14 06:02:32 precise64 ntpd[745]: Listen and drop on 0 v4wildcard 0.0.0.0 UDP 123
Sep 14 06:02:32 precise64 ntpd[745]: Listen and drop on 1 v6wildcard :: UDP 123
Sep 14 06:02:32 precise64 ntpd[745]: Listen normally on 2 lo 127.0.0.1 UDP 123
Sep 14 06:02:32 precise64 ntpd[745]: Listen normally on 3 eth0 10.0.2.15 UDP 123
Sep 14 06:02:32 precise64 ntpd[745]: bind(20) AF_INET6 fe80::a00:27ff:fe88:ca6%2#123 flags 0x11 failed: Cannot assign requested address
Sep 14 06:02:32 precise64 ntpd[745]: unable to create socket on eth0 (4) for fe80::a00:27ff:fe88:ca6#123
Sep 14 06:02:32 precise64 ntpd[745]: failed to init interface for address fe80::a00:27ff:fe88:ca6
Sep 14 06:02:32 precise64 ntpd[745]: Listen normally on 5 lo ::1 UDP 123
Sep 14 06:02:32 precise64 ntpd[745]: peers refreshed
Sep 14 06:02:32 precise64 ntpd[745]: Listening on routing socket on fd #21 for interface updates
Sep 14 06:02:32 precise64 cron[740]: (CRON) INFO (pidfile fd = 3)
Sep 14 06:02:32 precise64 cron[751]: (CRON) STARTUP (fork ok)
Sep 14 06:02:32 precise64 cron[751]: (CRON) INFO (Running @reboot jobs)
Sep 14 06:02:33 precise64 ntpdate[673]: the NTP socket is in use, exiting
Sep 14 06:02:35 precise64 ntpd[745]: Listen normally on 6 eth0 fe80::a00:27ff:fe88:ca6 UDP 123
Sep 14 06:02:35 precise64 ntpd[745]: peers refreshed
Sep 14 06:02:35 precise64 ntpd[745]: new interface(s) found: waking up resolver
Sep 14 06:02:42 precise64 kernel: [   14.981264] eth0: no IPv6 routers present
Sep 14 06:10:22 precise64 kernel: [  475.051228] ISO 9660 Extensions: Microsoft Joliet Level 3
Sep 14 06:10:22 precise64 kernel: [  475.079250] ISO 9660 Extensions: RRIP_1991A
Sep 14 06:11:24 precise64 kernel: [  537.295037] vboxguest 0000:00:04.0: PCI INT A -> GSI 20 (level, low) -> IRQ 20
Sep 14 06:11:24 precise64 kernel: [  537.297982] input: Unspecified device as /devices/pci0000:00/0000:00:04.0/input/input4
Sep 14 06:11:24 precise64 kernel: [  537.301236] vboxguest: major 0, IRQ 20, I/O port d020, MMIO at 00000000f0400000 (size 0x400000)
Sep 14 06:11:24 precise64 kernel: [  537.301241] vboxguest: Successfully loaded version 4.2.0 (interface 0x00010004)
Sep 14 06:11:25 precise64 kernel: [  537.815051] vboxsf: Successfully loaded version 4.2.0 (interface 0x00010004)
Sep 14 06:12:34 precise64 rpcbind: Cannot open '/run/rpcbind/rpcbind.xdr' file for reading, errno 2 (No such file or directory)
Sep 14 06:12:34 precise64 rpcbind: Cannot open '/run/rpcbind/portmap.xdr' file for reading, errno 2 (No such file or directory)
Sep 14 06:12:35 precise64 sm-notify[17394]: Version 1.2.5 starting
Sep 14 06:12:35 precise64 rpc.statd[17401]: Version 1.2.5 starting
Sep 14 06:12:35 precise64 rpc.statd[17401]: Flags: TI-RPC 
Sep 14 06:12:35 precise64 rpc.statd[17401]: Failed to read /var/lib/nfs/state: Success
Sep 14 06:12:35 precise64 rpc.statd[17401]: Initializing NSM state
Sep 14 06:12:35 precise64 kernel: [  608.306047] RPC: Registered named UNIX socket transport module.
Sep 14 06:12:35 precise64 kernel: [  608.306052] RPC: Registered udp transport module.
Sep 14 06:12:35 precise64 kernel: [  608.306054] RPC: Registered tcp transport module.
Sep 14 06:12:35 precise64 kernel: [  608.306055] RPC: Registered tcp NFSv4.1 backchannel transport module.
Sep 14 06:12:35 precise64 kernel: [  608.317986] FS-Cache: Loaded
Sep 14 06:12:35 precise64 kernel: [  608.338578] FS-Cache: Netfs 'nfs' registered for caching
Sep 14 06:12:35 precise64 kernel: [  608.352622] Installing knfsd (copyright (C) 1996 okir@monad.swb.de).
Sep 14 06:12:48 precise64 udevd[302]: can not find '/lib/udev/rules.d/75-persistent-net-generator.rules': No such file or directory
Sep 14 06:17:01 precise64 CRON[19834]: (root) CMD (   cd / && run-parts --report /etc/cron.hourly)
Sep 14 06:17:36 precise64 kernel: [  909.166855] init: tty4 main process (722) killed by TERM signal
Sep 14 06:17:36 precise64 kernel: [  909.167690] init: tty5 main process (732) killed by TERM signal
Sep 14 06:17:36 precise64 kernel: [  909.169239] init: tty2 main process (741) killed by TERM signal
Sep 14 06:17:36 precise64 kernel: [  909.170109] init: tty3 main process (742) killed by TERM signal
Sep 14 06:17:36 precise64 kernel: [  909.170782] init: tty6 main process (744) killed by TERM signal
Sep 14 06:17:36 precise64 kernel: [  909.171673] init: cron main process (751) killed by TERM signal
Sep 14 06:17:36 precise64 kernel: [  909.181380] init: irqbalance main process (765) killed by TERM signal
Sep 14 06:17:36 precise64 kernel: [  909.182533] init: tty1 main process (802) killed by TERM signal
Sep 14 06:17:36 precise64 kernel: [  909.183867] init: idmapd main process (17462) killed by TERM signal
Sep 14 06:17:36 precise64 kernel: [  909.202727] init: plymouth-upstart-bridge main process (19958) terminated with status 1
Sep 14 06:17:36 precise64 kernel: Kernel logging (proc) stopped.
Sep 14 06:17:36 precise64 rsyslogd: [origin software="rsyslogd" swVersion="5.8.6" x-pid="520" x-info="http://www.rsyslog.com"] exiting on signal 15.
Sep 13 23:22:53 precise64 kernel: imklog 5.8.6, log source = /proc/kmsg started.
Sep 13 23:22:53 precise64 rsyslogd: [origin software="rsyslogd" swVersion="5.8.6" x-pid="678" x-info="http://www.rsyslog.com"] start
Sep 13 23:22:53 precise64 rsyslogd: rsyslogd's groupid changed to 103
Sep 13 23:22:53 precise64 rsyslogd: rsyslogd's userid changed to 101
Sep 13 23:22:53 precise64 rsyslogd-2039: Could not open output pipe '/dev/xconsole' [try http://www.rsyslog.com/e/2039 ]
Sep 13 23:22:53 precise64 kernel: [    0.000000] Initializing cgroup subsys cpuset
Sep 13 23:22:53 precise64 kernel: [    0.000000] Initializing cgroup subsys cpu
Sep 13 23:22:53 precise64 kernel: [    0.000000] Linux version 3.2.0-23-generic (buildd@crested) (gcc version 4.6.3 (Ubuntu/Linaro 4.6.3-1ubuntu4) ) #36-Ubuntu SMP Tue Apr 10 20:39:51 UTC 2012 (Ubuntu 3.2.0-23.36-generic 3.2.14)
Sep 13 23:22:53 precise64 kernel: [    0.000000] Command line: BOOT_IMAGE=/vmlinuz-3.2.0-23-generic root=/dev/mapper/precise64-root ro quiet
Sep 13 23:22:53 precise64 kernel: [    0.000000] KERNEL supported cpus:
Sep 13 23:22:53 precise64 kernel: [    0.000000]   Intel GenuineIntel
Sep 13 23:22:53 precise64 kernel: [    0.000000]   AMD AuthenticAMD
Sep 13 23:22:53 precise64 kernel: [    0.000000]   Centaur CentaurHauls
Sep 13 23:22:53 precise64 kernel: [    0.000000] BIOS-provided physical RAM map:
Sep 13 23:22:53 precise64 kernel: [    0.000000]  BIOS-e820: 0000000000000000 - 000000000009fc00 (usable)
Sep 13 23:22:53 precise64 kernel: [    0.000000]  BIOS-e820: 000000000009fc00 - 00000000000a0000 (reserved)
Sep 13 23:22:53 precise64 kernel: [    0.000000]  BIOS-e820: 00000000000f0000 - 0000000000100000 (reserved)
Sep 13 23:22:53 precise64 kernel: [    0.000000]  BIOS-e820: 0000000000100000 - 0000000017ff0000 (usable)
Sep 13 23:22:53 precise64 kernel: [    0.000000]  BIOS-e820: 0000000017ff0000 - 0000000018000000 (ACPI data)
Sep 13 23:22:53 precise64 kernel: [    0.000000]  BIOS-e820: 00000000fffc0000 - 0000000100000000 (reserved)
Sep 13 23:22:53 precise64 kernel: [    0.000000] NX (Execute Disable) protection: active
Sep 13 23:22:53 precise64 kernel: [    0.000000] DMI 2.5 present.
Sep 13 23:22:53 precise64 kernel: [    0.000000] DMI: innotek GmbH VirtualBox/VirtualBox, BIOS VirtualBox 12/01/2006
Sep 13 23:22:53 precise64 kernel: [    0.000000] e820 update range: 0000000000000000 - 0000000000010000 (usable) ==> (reserved)
Sep 13 23:22:53 precise64 kernel: [    0.000000] e820 remove range: 00000000000a0000 - 0000000000100000 (usable)
Sep 13 23:22:53 precise64 kernel: [    0.000000] No AGP bridge found
Sep 13 23:22:53 precise64 kernel: [    0.000000] last_pfn = 0x17ff0 max_arch_pfn = 0x400000000
Sep 13 23:22:53 precise64 kernel: [    0.000000] MTRR default type: uncachable
Sep 13 23:22:53 precise64 kernel: [    0.000000] MTRR variable ranges disabled:
Sep 13 23:22:53 precise64 kernel: [    0.000000] x86 PAT enabled: cpu 0, old 0x7040600070406, new 0x7010600070106
Sep 13 23:22:53 precise64 kernel: [    0.000000] CPU MTRRs all blank - virtualized system.
Sep 13 23:22:53 precise64 kernel: [    0.000000] found SMP MP-table at [ffff88000009fff0] 9fff0
Sep 13 23:22:53 precise64 kernel: [    0.000000] initial memory mapped : 0 - 20000000
Sep 13 23:22:53 precise64 kernel: [    0.000000] Base memory trampoline at [ffff88000009a000] 9a000 size 20480
Sep 13 23:22:53 precise64 kernel: [    0.000000] init_memory_mapping: 0000000000000000-0000000017ff0000
Sep 13 23:22:53 precise64 kernel: [    0.000000]  0000000000 - 0017e00000 page 2M
Sep 13 23:22:53 precise64 kernel: [    0.000000]  0017e00000 - 0017ff0000 page 4k
Sep 13 23:22:53 precise64 kernel: [    0.000000] kernel direct mapping tables up to 17ff0000 @ 17fed000-17ff0000
Sep 13 23:22:53 precise64 kernel: [    0.000000] RAMDISK: 166b0000 - 174bd000
Sep 13 23:22:53 precise64 kernel: [    0.000000] ACPI: RSDP 00000000000e0000 00024 (v02 VBOX  )
Sep 13 23:22:53 precise64 kernel: [    0.000000] ACPI: XSDT 0000000017ff0030 0003C (v01 VBOX   VBOXXSDT 00000001 ASL  00000061)
Sep 13 23:22:53 precise64 kernel: [    0.000000] ACPI: FACP 0000000017ff00f0 000F4 (v04 VBOX   VBOXFACP 00000001 ASL  00000061)
Sep 13 23:22:53 precise64 kernel: [    0.000000] ACPI: DSDT 0000000017ff0470 01B96 (v01 VBOX   VBOXBIOS 00000002 INTL 20100528)
Sep 13 23:22:53 precise64 kernel: [    0.000000] ACPI: FACS 0000000017ff0200 00040
Sep 13 23:22:53 precise64 kernel: [    0.000000] ACPI: APIC 0000000017ff0240 0005C (v02 VBOX   VBOXAPIC 00000001 ASL  00000061)
Sep 13 23:22:53 precise64 kernel: [    0.000000] ACPI: SSDT 0000000017ff02a0 001CC (v01 VBOX   VBOXCPUT 00000002 INTL 20100528)
Sep 13 23:22:53 precise64 kernel: [    0.000000] ACPI: Local APIC address 0xfee00000
Sep 13 23:22:53 precise64 kernel: [    0.000000] No NUMA configuration found
Sep 13 23:22:53 precise64 kernel: [    0.000000] Faking a node at 0000000000000000-0000000017ff0000
Sep 13 23:22:53 precise64 kernel: [    0.000000] Initmem setup node 0 0000000000000000-0000000017ff0000
Sep 13 23:22:53 precise64 kernel: [    0.000000]   NODE_DATA [0000000017fe8000 - 0000000017fecfff]
Sep 13 23:22:53 precise64 kernel: [    0.000000]  [ffffea0000000000-ffffea00005fffff] PMD -> [ffff880016000000-ffff8800165fffff] on node 0
Sep 13 23:22:53 precise64 kernel: [    0.000000] Zone PFN ranges:
Sep 13 23:22:53 precise64 kernel: [    0.000000]   DMA      0x00000010 -> 0x00001000
Sep 13 23:22:53 precise64 kernel: [    0.000000]   DMA32    0x00001000 -> 0x00100000
Sep 13 23:22:53 precise64 kernel: [    0.000000]   Normal   empty
Sep 13 23:22:53 precise64 kernel: [    0.000000] Movable zone start PFN for each node
Sep 13 23:22:53 precise64 kernel: [    0.000000] early_node_map[2] active PFN ranges
Sep 13 23:22:53 precise64 kernel: [    0.000000]     0: 0x00000010 -> 0x0000009f
Sep 13 23:22:53 precise64 kernel: [    0.000000]     0: 0x00000100 -> 0x00017ff0
Sep 13 23:22:53 precise64 kernel: [    0.000000] On node 0 totalpages: 98175
Sep 13 23:22:53 precise64 kernel: [    0.000000]   DMA zone: 64 pages used for memmap
Sep 13 23:22:53 precise64 kernel: [    0.000000]   DMA zone: 5 pages reserved
Sep 13 23:22:53 precise64 kernel: [    0.000000]   DMA zone: 3914 pages, LIFO batch:0
Sep 13 23:22:53 precise64 kernel: [    0.000000]   DMA32 zone: 1472 pages used for memmap
Sep 13 23:22:53 precise64 kernel: [    0.000000]   DMA32 zone: 92720 pages, LIFO batch:31
Sep 13 23:22:53 precise64 kernel: [    0.000000] ACPI: PM-Timer IO Port: 0x4008
Sep 13 23:22:53 precise64 kernel: [    0.000000] ACPI: Local APIC address 0xfee00000
Sep 13 23:22:53 precise64 kernel: [    0.000000] ACPI: LAPIC (acpi_id[0x00] lapic_id[0x00] enabled)
Sep 13 23:22:53 precise64 kernel: [    0.000000] ACPI: LAPIC (acpi_id[0x01] lapic_id[0x01] enabled)
Sep 13 23:22:53 precise64 kernel: [    0.000000] ACPI: IOAPIC (id[0x02] address[0xfec00000] gsi_base[0])
Sep 13 23:22:53 precise64 kernel: [    0.000000] IOAPIC[0]: apic_id 2, version 17, address 0xfec00000, GSI 0-23
Sep 13 23:22:53 precise64 kernel: [    0.000000] ACPI: INT_SRC_OVR (bus 0 bus_irq 0 global_irq 2 dfl dfl)
Sep 13 23:22:53 precise64 kernel: [    0.000000] ACPI: INT_SRC_OVR (bus 0 bus_irq 9 global_irq 9 high level)
Sep 13 23:22:53 precise64 kernel: [    0.000000] ACPI: IRQ0 used by override.
Sep 13 23:22:53 precise64 kernel: [    0.000000] ACPI: IRQ2 used by override.
Sep 13 23:22:53 precise64 kernel: [    0.000000] ACPI: IRQ9 used by override.
Sep 13 23:22:53 precise64 kernel: [    0.000000] Using ACPI (MADT) for SMP configuration information
Sep 13 23:22:53 precise64 kernel: [    0.000000] SMP: Allowing 2 CPUs, 0 hotplug CPUs
Sep 13 23:22:53 precise64 kernel: [    0.000000] nr_irqs_gsi: 40
Sep 13 23:22:53 precise64 kernel: [    0.000000] PM: Registered nosave memory: 000000000009f000 - 00000000000a0000
Sep 13 23:22:53 precise64 kernel: [    0.000000] PM: Registered nosave memory: 00000000000a0000 - 00000000000f0000
Sep 13 23:22:53 precise64 kernel: [    0.000000] PM: Registered nosave memory: 00000000000f0000 - 0000000000100000
Sep 13 23:22:53 precise64 kernel: [    0.000000] Allocating PCI resources starting at 18000000 (gap: 18000000:e7fc0000)
Sep 13 23:22:53 precise64 kernel: [    0.000000] Booting paravirtualized kernel on bare hardware
Sep 13 23:22:53 precise64 kernel: [    0.000000] setup_percpu: NR_CPUS:256 nr_cpumask_bits:256 nr_cpu_ids:2 nr_node_ids:1
Sep 13 23:22:53 precise64 kernel: [    0.000000] PERCPU: Embedded 28 pages/cpu @ffff880017c00000 s83072 r8192 d23424 u1048576
Sep 13 23:22:53 precise64 kernel: [    0.000000] pcpu-alloc: s83072 r8192 d23424 u1048576 alloc=1*2097152
Sep 13 23:22:53 precise64 kernel: [    0.000000] pcpu-alloc: [0] 0 1 
Sep 13 23:22:53 precise64 kernel: [    0.000000] Built 1 zonelists in Node order, mobility grouping on.  Total pages: 96634
Sep 13 23:22:53 precise64 kernel: [    0.000000] Policy zone: DMA32
Sep 13 23:22:53 precise64 kernel: [    0.000000] Kernel command line: BOOT_IMAGE=/vmlinuz-3.2.0-23-generic root=/dev/mapper/precise64-root ro quiet
Sep 13 23:22:53 precise64 kernel: [    0.000000] PID hash table entries: 2048 (order: 2, 16384 bytes)
Sep 13 23:22:53 precise64 kernel: [    0.000000] Checking aperture...
Sep 13 23:22:53 precise64 kernel: [    0.000000] No AGP bridge found
Sep 13 23:22:53 precise64 kernel: [    0.000000] Calgary: detecting Calgary via BIOS EBDA area
Sep 13 23:22:53 precise64 kernel: [    0.000000] Calgary: Unable to locate Rio Grande table in EBDA - bailing!
Sep 13 23:22:53 precise64 kernel: [    0.000000] Memory: 356144k/393152k available (6566k kernel code, 452k absent, 36556k reserved, 6637k data, 920k init)
Sep 13 23:22:53 precise64 kernel: [    0.000000] SLUB: Genslabs=15, HWalign=64, Order=0-3, MinObjects=0, CPUs=2, Nodes=1
Sep 13 23:22:53 precise64 kernel: [    0.000000] Hierarchical RCU implementation.
Sep 13 23:22:53 precise64 kernel: [    0.000000] 	RCU dyntick-idle grace-period acceleration is enabled.
Sep 13 23:22:53 precise64 kernel: [    0.000000] NR_IRQS:16640 nr_irqs:512 16
Sep 13 23:22:53 precise64 kernel: [    0.000000] Console: colour dummy device 80x25
Sep 13 23:22:53 precise64 kernel: [    0.000000] console [tty0] enabled
Sep 13 23:22:53 precise64 kernel: [    0.000000] allocated 3145728 bytes of page_cgroup
Sep 13 23:22:53 precise64 kernel: [    0.000000] please try 'cgroup_disable=memory' option if you don't want memory cgroups
Sep 13 23:22:53 precise64 kernel: [    0.000000] Fast TSC calibration failed
Sep 13 23:22:53 precise64 kernel: [    0.000000] TSC: Unable to calibrate against PIT
Sep 13 23:22:53 precise64 kernel: [    0.000000] TSC: using PMTIMER reference calibration
Sep 13 23:22:53 precise64 kernel: [    0.000000] Detected 1688.197 MHz processor.
Sep 13 23:22:53 precise64 kernel: [    0.016005] Calibrating delay loop (skipped), value calculated using timer frequency.. 3376.39 BogoMIPS (lpj=6752788)
Sep 13 23:22:53 precise64 kernel: [    0.016011] pid_max: default: 32768 minimum: 301
Sep 13 23:22:53 precise64 kernel: [    0.016047] Security Framework initialized
Sep 13 23:22:53 precise64 kernel: [    0.016070] AppArmor: AppArmor initialized
Sep 13 23:22:53 precise64 kernel: [    0.016072] Yama: becoming mindful.
Sep 13 23:22:53 precise64 kernel: [    0.016197] Dentry cache hash table entries: 65536 (order: 7, 524288 bytes)
Sep 13 23:22:53 precise64 kernel: [    0.016399] Inode-cache hash table entries: 32768 (order: 6, 262144 bytes)
Sep 13 23:22:53 precise64 kernel: [    0.016507] Mount-cache hash table entries: 256
Sep 13 23:22:53 precise64 kernel: [    0.016641] Initializing cgroup subsys cpuacct
Sep 13 23:22:53 precise64 kernel: [    0.016647] Initializing cgroup subsys memory
Sep 13 23:22:53 precise64 kernel: [    0.016656] Initializing cgroup subsys devices
Sep 13 23:22:53 precise64 kernel: [    0.016659] Initializing cgroup subsys freezer
Sep 13 23:22:53 precise64 kernel: [    0.016661] Initializing cgroup subsys blkio
Sep 13 23:22:53 precise64 kernel: [    0.016668] Initializing cgroup subsys perf_event
Sep 13 23:22:53 precise64 kernel: [    0.016874] CPU: Physical Processor ID: 0
Sep 13 23:22:53 precise64 kernel: [    0.016876] CPU: Processor Core ID: 0
Sep 13 23:22:53 precise64 kernel: [    0.016884] mce: CPU supports 0 MCE banks
Sep 13 23:22:53 precise64 kernel: [    0.042779] ACPI: Core revision 20110623
Sep 13 23:22:53 precise64 kernel: [    0.044002] ftrace: allocating 27049 entries in 107 pages
Sep 13 23:22:53 precise64 kernel: [    0.052568] ..TIMER: vector=0x30 apic1=0 pin1=2 apic2=-1 pin2=-1
Sep 13 23:22:53 precise64 kernel: [    0.097669] CPU0: Intel(R) Core(TM) i5-2557M CPU @ 1.70GHz stepping 07
Sep 13 23:22:53 precise64 kernel: [    0.100005] Performance Events: unsupported p6 CPU model 42 no PMU driver, software events only.
Sep 13 23:22:53 precise64 kernel: [    0.100005] NMI watchdog disabled (cpu0): hardware events not enabled
Sep 13 23:22:53 precise64 kernel: [    0.100005] Booting Node   0, Processors  #1 Ok.
Sep 13 23:22:53 precise64 kernel: [    0.100005] smpboot cpu 1: start_ip = 9a000
Sep 13 23:22:53 precise64 kernel: [    0.020001] calibrate_delay_direct() dropping max bogoMips estimate 2 = 8120219
Sep 13 23:22:53 precise64 kernel: [    0.020001] mce: CPU supports 0 MCE banks
Sep 13 23:22:53 precise64 kernel: [    0.192011] TSC synchronization [CPU#0 -> CPU#1]:
Sep 13 23:22:53 precise64 kernel: [    0.192011] Measured 557511 cycles TSC warp between CPUs, turning off TSC clock.
Sep 13 23:22:53 precise64 kernel: [    0.192011] Marking TSC unstable due to check_tsc_sync_source failed
Sep 13 23:22:53 precise64 kernel: [    0.192202] NMI watchdog disabled (cpu1): hardware events not enabled
Sep 13 23:22:53 precise64 kernel: [    0.192276] Brought up 2 CPUs
Sep 13 23:22:53 precise64 kernel: [    0.192280] Total of 2 processors activated (6696.19 BogoMIPS).
Sep 13 23:22:53 precise64 kernel: [    0.193097] devtmpfs: initialized
Sep 13 23:22:53 precise64 kernel: [    0.193097] EVM: security.selinux
Sep 13 23:22:53 precise64 kernel: [    0.193097] EVM: security.SMACK64
Sep 13 23:22:53 precise64 kernel: [    0.193097] EVM: security.capability
Sep 13 23:22:53 precise64 kernel: [    0.196081] print_constraints: dummy: 
Sep 13 23:22:53 precise64 kernel: [    0.196164] RTC time: 23:22:48, date: 09/13/12
Sep 13 23:22:53 precise64 kernel: [    0.196210] NET: Registered protocol family 16
Sep 13 23:22:53 precise64 kernel: [    0.196972] ACPI: bus type pci registered
Sep 13 23:22:53 precise64 kernel: [    0.196972] PCI: Using configuration type 1 for base access
Sep 13 23:22:53 precise64 kernel: [    0.197913] Trying to unpack rootfs image as initramfs...
Sep 13 23:22:53 precise64 kernel: [    0.208229] bio: create slab <bio-0> at 0
Sep 13 23:22:53 precise64 kernel: [    0.208306] ACPI: Added _OSI(Module Device)
Sep 13 23:22:53 precise64 kernel: [    0.208309] ACPI: Added _OSI(Processor Device)
Sep 13 23:22:53 precise64 kernel: [    0.208312] ACPI: Added _OSI(3.0 _SCP Extensions)
Sep 13 23:22:53 precise64 kernel: [    0.208315] ACPI: Added _OSI(Processor Aggregator Device)
Sep 13 23:22:53 precise64 kernel: [    0.208974] ACPI: EC: Look up EC in DSDT
Sep 13 23:22:53 precise64 kernel: [    0.210146] ACPI: Executed 1 blocks of module-level executable AML code
Sep 13 23:22:53 precise64 kernel: [    0.214659] ACPI: Interpreter enabled
Sep 13 23:22:53 precise64 kernel: [    0.214665] ACPI: (supports S0 S5)
Sep 13 23:22:53 precise64 kernel: [    0.214681] ACPI: Using IOAPIC for interrupt routing
Sep 13 23:22:53 precise64 kernel: [    0.220385] ACPI: No dock devices found.
Sep 13 23:22:53 precise64 kernel: [    0.220389] HEST: Table not found.
Sep 13 23:22:53 precise64 kernel: [    0.220394] PCI: Ignoring host bridge windows from ACPI; if necessary, use "pci=use_crs" and report a bug
Sep 13 23:22:53 precise64 kernel: [    0.220490] ACPI: PCI Root Bridge [PCI0] (domain 0000 [bus 00-ff])
Sep 13 23:22:53 precise64 kernel: [    0.220681] pci_root PNP0A03:00: host bridge window [io  0x0000-0x0cf7] (ignored)
Sep 13 23:22:53 precise64 kernel: [    0.220685] pci_root PNP0A03:00: host bridge window [io  0x0d00-0xffff] (ignored)
Sep 13 23:22:53 precise64 kernel: [    0.220689] pci_root PNP0A03:00: host bridge window [mem 0x000a0000-0x000bffff] (ignored)
Sep 13 23:22:53 precise64 kernel: [    0.220693] pci_root PNP0A03:00: host bridge window [mem 0x18000000-0xffdfffff] (ignored)
Sep 13 23:22:53 precise64 kernel: [    0.220775] pci 0000:00:00.0: [8086:1237] type 0 class 0x000600
Sep 13 23:22:53 precise64 kernel: [    0.221482] pci 0000:00:01.0: [8086:7000] type 0 class 0x000601
Sep 13 23:22:53 precise64 kernel: [    0.222556] pci 0000:00:01.1: [8086:7111] type 0 class 0x000101
Sep 13 23:22:53 precise64 kernel: [    0.222556] pci 0000:00:01.1: reg 20: [io  0xd000-0xd00f]
Sep 13 23:22:53 precise64 kernel: [    0.222556] pci 0000:00:02.0: [80ee:beef] type 0 class 0x000300
Sep 13 23:22:53 precise64 kernel: [    0.222556] pci 0000:00:02.0: reg 10: [mem 0xe0000000-0xe07fffff pref]
Sep 13 23:22:53 precise64 kernel: [    0.241277] pci 0000:00:03.0: [8086:100e] type 0 class 0x000200
Sep 13 23:22:53 precise64 kernel: [    0.242544] pci 0000:00:03.0: reg 10: [mem 0xf0000000-0xf001ffff]
Sep 13 23:22:53 precise64 kernel: [    0.244255] pci 0000:00:03.0: reg 18: [io  0xd010-0xd017]
Sep 13 23:22:53 precise64 kernel: [    0.250305] pci 0000:00:04.0: [80ee:cafe] type 0 class 0x000880
Sep 13 23:22:53 precise64 kernel: [    0.256397] pci 0000:00:04.0: reg 10: [io  0xd020-0xd03f]
Sep 13 23:22:53 precise64 kernel: [    0.260280] pci 0000:00:04.0: reg 14: [mem 0xf0400000-0xf07fffff]
Sep 13 23:22:53 precise64 kernel: [    0.261257] pci 0000:00:04.0: reg 18: [mem 0xf0800000-0xf0803fff pref]
Sep 13 23:22:53 precise64 kernel: [    0.263589] pci 0000:00:07.0: [8086:7113] type 0 class 0x000680
Sep 13 23:22:53 precise64 kernel: [    0.265320] pci 0000:00:0d.0: [8086:2829] type 0 class 0x000106
Sep 13 23:22:53 precise64 kernel: [    0.266077] pci 0000:00:0d.0: reg 10: [io  0xd040-0xd047]
Sep 13 23:22:53 precise64 kernel: [    0.267416] pci 0000:00:0d.0: reg 18: [io  0xd050-0xd057]
Sep 13 23:22:53 precise64 kernel: [    0.269149] pci 0000:00:0d.0: reg 20: [io  0xd060-0xd06f]
Sep 13 23:22:53 precise64 kernel: [    0.269891] pci 0000:00:0d.0: reg 24: [mem 0xf0804000-0xf0805fff]
Sep 13 23:22:53 precise64 kernel: [    0.271475] ACPI: PCI Interrupt Routing Table [\_SB_.PCI0._PRT]
Sep 13 23:22:53 precise64 kernel: [    0.272565]  pci0000:00: Unable to request _OSC control (_OSC support mask: 0x1e)
Sep 13 23:22:53 precise64 kernel: [    0.292040] ACPI: PCI Interrupt Link [LNKA] (IRQs *5 9 10 11)
Sep 13 23:22:53 precise64 kernel: [    0.292471] ACPI: PCI Interrupt Link [LNKB] (IRQs 5 9 10 *11)
Sep 13 23:22:53 precise64 kernel: [    0.292624] ACPI: PCI Interrupt Link [LNKC] (IRQs 5 9 *10 11)
Sep 13 23:22:53 precise64 kernel: [    0.292771] ACPI: PCI Interrupt Link [LNKD] (IRQs 5 *9 10 11)
Sep 13 23:22:53 precise64 kernel: [    0.293098] vgaarb: device added: PCI:0000:00:02.0,decodes=io+mem,owns=io+mem,locks=none
Sep 13 23:22:53 precise64 kernel: [    0.293104] vgaarb: loaded
Sep 13 23:22:53 precise64 kernel: [    0.293107] vgaarb: bridge control possible 0000:00:02.0
Sep 13 23:22:53 precise64 kernel: [    0.293296] i2c-core: driver [aat2870] using legacy suspend method
Sep 13 23:22:53 precise64 kernel: [    0.293299] i2c-core: driver [aat2870] using legacy resume method
Sep 13 23:22:53 precise64 kernel: [    0.293424] SCSI subsystem initialized
Sep 13 23:22:53 precise64 kernel: [    0.293538] libata version 3.00 loaded.
Sep 13 23:22:53 precise64 kernel: [    0.293638] usbcore: registered new interface driver usbfs
Sep 13 23:22:53 precise64 kernel: [    0.293655] usbcore: registered new interface driver hub
Sep 13 23:22:53 precise64 kernel: [    0.293703] usbcore: registered new device driver usb
Sep 13 23:22:53 precise64 kernel: [    0.293854] PCI: Using ACPI for IRQ routing
Sep 13 23:22:53 precise64 kernel: [    0.293864] PCI: pci_cache_line_size set to 64 bytes
Sep 13 23:22:53 precise64 kernel: [    0.294216] reserve RAM buffer: 000000000009fc00 - 000000000009ffff 
Sep 13 23:22:53 precise64 kernel: [    0.294227] reserve RAM buffer: 0000000017ff0000 - 0000000017ffffff 
Sep 13 23:22:53 precise64 kernel: [    0.294401] NetLabel: Initializing
Sep 13 23:22:53 precise64 kernel: [    0.294404] NetLabel:  domain hash size = 128
Sep 13 23:22:53 precise64 kernel: [    0.294405] NetLabel:  protocols = UNLABELED CIPSOv4
Sep 13 23:22:53 precise64 kernel: [    0.294421] NetLabel:  unlabeled traffic allowed by default
Sep 13 23:22:53 precise64 kernel: [    0.314993] AppArmor: AppArmor Filesystem Enabled
Sep 13 23:22:53 precise64 kernel: [    0.315031] pnp: PnP ACPI init
Sep 13 23:22:53 precise64 kernel: [    0.315054] ACPI: bus type pnp registered
Sep 13 23:22:53 precise64 kernel: [    0.315180] pnp 00:00: [bus 00-ff]
Sep 13 23:22:53 precise64 kernel: [    0.315184] pnp 00:00: [io  0x0cf8-0x0cff]
Sep 13 23:22:53 precise64 kernel: [    0.315187] pnp 00:00: [io  0x0000-0x0cf7 window]
Sep 13 23:22:53 precise64 kernel: [    0.315190] pnp 00:00: [io  0x0d00-0xffff window]
Sep 13 23:22:53 precise64 kernel: [    0.315193] pnp 00:00: [mem 0x000a0000-0x000bffff window]
Sep 13 23:22:53 precise64 kernel: [    0.315196] pnp 00:00: [mem 0x18000000-0xffdfffff window]
Sep 13 23:22:53 precise64 kernel: [    0.315243] pnp 00:00: Plug and Play ACPI device, IDs PNP0a03 (active)
Sep 13 23:22:53 precise64 kernel: [    0.315266] pnp 00:01: [io  0x0060]
Sep 13 23:22:53 precise64 kernel: [    0.315269] pnp 00:01: [io  0x0064]
Sep 13 23:22:53 precise64 kernel: [    0.315320] pnp 00:01: [irq 1]
Sep 13 23:22:53 precise64 kernel: [    0.315334] pnp 00:01: Plug and Play ACPI device, IDs PNP0303 (active)
Sep 13 23:22:53 precise64 kernel: [    0.315334] pnp 00:02: [io  0x0000-0x000f]
Sep 13 23:22:53 precise64 kernel: [    0.315338] pnp 00:02: [io  0x0080-0x008f]
Sep 13 23:22:53 precise64 kernel: [    0.315353] pnp 00:02: [io  0x00c0-0x00df]
Sep 13 23:22:53 precise64 kernel: [    0.315360] pnp 00:02: [dma 4]
Sep 13 23:22:53 precise64 kernel: [    0.315405] pnp 00:02: Plug and Play ACPI device, IDs PNP0200 (active)
Sep 13 23:22:53 precise64 kernel: [    0.315514] pnp 00:03: [irq 12]
Sep 13 23:22:53 precise64 kernel: [    0.315549] pnp 00:03: Plug and Play ACPI device, IDs PNP0f03 (active)
Sep 13 23:22:53 precise64 kernel: [    0.315569] pnp 00:04: [io  0x0378-0x037f]
Sep 13 23:22:53 precise64 kernel: [    0.315571] pnp 00:04: [io  0x0778-0x077f]
Sep 13 23:22:53 precise64 kernel: [    0.315606] pnp 00:04: [irq 7]
Sep 13 23:22:53 precise64 kernel: [    0.315637] pnp 00:04: Plug and Play ACPI device, IDs PNP0400 (active)
Sep 13 23:22:53 precise64 kernel: [    0.315637] pnp: PnP ACPI: found 5 devices
Sep 13 23:22:53 precise64 kernel: [    0.315637] ACPI: ACPI bus type pnp unregistered
Sep 13 23:22:53 precise64 kernel: [    0.328170] Switching to clocksource acpi_pm
Sep 13 23:22:53 precise64 kernel: [    0.328482] PCI: max bus depth: 0 pci_try_num: 1
Sep 13 23:22:53 precise64 kernel: [    0.328513] pci_bus 0000:00: resource 0 [io  0x0000-0xffff]
Sep 13 23:22:53 precise64 kernel: [    0.328538] pci_bus 0000:00: resource 1 [mem 0x00000000-0xfffffffff]
Sep 13 23:22:53 precise64 kernel: [    0.328626] NET: Registered protocol family 2
Sep 13 23:22:53 precise64 kernel: [    0.328731] IP route cache hash table entries: 4096 (order: 3, 32768 bytes)
Sep 13 23:22:53 precise64 kernel: [    0.329097] TCP established hash table entries: 16384 (order: 6, 262144 bytes)
Sep 13 23:22:53 precise64 kernel: [    0.329213] TCP bind hash table entries: 16384 (order: 6, 262144 bytes)
Sep 13 23:22:53 precise64 kernel: [    0.329278] TCP: Hash tables configured (established 16384 bind 16384)
Sep 13 23:22:53 precise64 kernel: [    0.329294] TCP reno registered
Sep 13 23:22:53 precise64 kernel: [    0.329312] UDP hash table entries: 256 (order: 1, 8192 bytes)
Sep 13 23:22:53 precise64 kernel: [    0.329331] UDP-Lite hash table entries: 256 (order: 1, 8192 bytes)
Sep 13 23:22:53 precise64 kernel: [    0.329408] NET: Registered protocol family 1
Sep 13 23:22:53 precise64 kernel: [    0.329434] pci 0000:00:00.0: Limiting direct PCI/PCI transfers
Sep 13 23:22:53 precise64 kernel: [    0.329520] pci 0000:00:01.0: Activating ISA DMA hang workarounds
Sep 13 23:22:53 precise64 kernel: [    0.329611] pci 0000:00:02.0: Boot video device
Sep 13 23:22:53 precise64 kernel: [    0.329737] PCI: CLS 0 bytes, default 64
Sep 13 23:22:53 precise64 kernel: [    0.329962] platform rtc_cmos: registered platform RTC device (no PNP device found)
Sep 13 23:22:53 precise64 kernel: [    0.330504] audit: initializing netlink socket (disabled)
Sep 13 23:22:53 precise64 kernel: [    0.330527] type=2000 audit(1347578568.328:1): initialized
Sep 13 23:22:53 precise64 kernel: [    0.365230] HugeTLB registered 2 MB page size, pre-allocated 0 pages
Sep 13 23:22:53 precise64 kernel: [    0.367877] VFS: Disk quotas dquot_6.5.2
Sep 13 23:22:53 precise64 kernel: [    0.367953] Dquot-cache hash table entries: 512 (order 0, 4096 bytes)
Sep 13 23:22:53 precise64 kernel: [    0.368918] fuse init (API version 7.17)
Sep 13 23:22:53 precise64 kernel: [    0.369659] msgmni has been set to 695
Sep 13 23:22:53 precise64 kernel: [    0.370616] Block layer SCSI generic (bsg) driver version 0.4 loaded (major 253)
Sep 13 23:22:53 precise64 kernel: [    0.370658] io scheduler noop registered
Sep 13 23:22:53 precise64 kernel: [    0.370660] io scheduler deadline registered
Sep 13 23:22:53 precise64 kernel: [    0.370703] io scheduler cfq registered (default)
Sep 13 23:22:53 precise64 kernel: [    0.370844] pci_hotplug: PCI Hot Plug PCI Core version: 0.5
Sep 13 23:22:53 precise64 kernel: [    0.370874] pciehp: PCI Express Hot Plug Controller Driver version: 0.4
Sep 13 23:22:53 precise64 kernel: [    0.371789] ACPI: Deprecated procfs I/F for AC is loaded, please retry with CONFIG_ACPI_PROCFS_POWER cleared
Sep 13 23:22:53 precise64 kernel: [    0.372247] ACPI: AC Adapter [AC] (on-line)
Sep 13 23:22:53 precise64 kernel: [    0.372333] input: Power Button as /devices/LNXSYSTM:00/LNXPWRBN:00/input/input0
Sep 13 23:22:53 precise64 kernel: [    0.372340] ACPI: Power Button [PWRF]
Sep 13 23:22:53 precise64 kernel: [    0.372462] input: Sleep Button as /devices/LNXSYSTM:00/LNXSLPBN:00/input/input1
Sep 13 23:22:53 precise64 kernel: [    0.372467] ACPI: Sleep Button [SLPF]
Sep 13 23:22:53 precise64 kernel: [    0.374518] ACPI: Deprecated procfs I/F for battery is loaded, please retry with CONFIG_ACPI_PROCFS_POWER cleared
Sep 13 23:22:53 precise64 kernel: [    0.374562] ACPI: Battery Slot [BAT0] (battery present)
Sep 13 23:22:53 precise64 kernel: [    0.374591] ERST: Table is not found!
Sep 13 23:22:53 precise64 kernel: [    0.374593] GHES: HEST is not enabled!
Sep 13 23:22:53 precise64 kernel: [    0.375992] Serial: 8250/16550 driver, 32 ports, IRQ sharing enabled
Sep 13 23:22:53 precise64 kernel: [    0.387561] ACPI: Battery Slot [BAT0] (battery present)
Sep 13 23:22:53 precise64 kernel: [    0.662274] Freeing initrd memory: 14388k freed
Sep 13 23:22:53 precise64 kernel: [    0.748420] Linux agpgart interface v0.103
Sep 13 23:22:53 precise64 kernel: [    0.755629] brd: module loaded
Sep 13 23:22:53 precise64 kernel: [    0.758294] loop: module loaded
Sep 13 23:22:53 precise64 kernel: [    0.758530] ahci 0000:00:0d.0: version 3.0
Sep 13 23:22:53 precise64 kernel: [    0.758626] ahci 0000:00:0d.0: PCI INT A -> GSI 21 (level, low) -> IRQ 21
Sep 13 23:22:53 precise64 kernel: [    0.758861] ahci: SSS flag set, parallel bus scan disabled
Sep 13 23:22:53 precise64 kernel: [    0.759582] ahci 0000:00:0d.0: AHCI 0001.0100 32 slots 1 ports 3 Gbps 0x1 impl SATA mode
Sep 13 23:22:53 precise64 kernel: [    0.759588] ahci 0000:00:0d.0: flags: 64bit ncq stag only ccc 
Sep 13 23:22:53 precise64 kernel: [    0.759630] ahci 0000:00:0d.0: setting latency timer to 64
Sep 13 23:22:53 precise64 kernel: [    0.760327] scsi0 : ahci
Sep 13 23:22:53 precise64 kernel: [    0.760435] ata1: SATA max UDMA/133 abar m8192@0xf0804000 port 0xf0804100 irq 21
Sep 13 23:22:53 precise64 kernel: [    0.760589] ata_piix 0000:00:01.1: version 2.13
Sep 13 23:22:53 precise64 kernel: [    0.760715] ata_piix 0000:00:01.1: setting latency timer to 64
Sep 13 23:22:53 precise64 kernel: [    0.764825] scsi1 : ata_piix
Sep 13 23:22:53 precise64 kernel: [    0.766947] scsi2 : ata_piix
Sep 13 23:22:53 precise64 kernel: [    0.767031] ata2: PATA max UDMA/33 cmd 0x1f0 ctl 0x3f6 bmdma 0xd000 irq 14
Sep 13 23:22:53 precise64 kernel: [    0.767035] ata3: PATA max UDMA/33 cmd 0x170 ctl 0x376 bmdma 0xd008 irq 15
Sep 13 23:22:53 precise64 kernel: [    0.767554] Fixed MDIO Bus: probed
Sep 13 23:22:53 precise64 kernel: [    0.767582] tun: Universal TUN/TAP device driver, 1.6
Sep 13 23:22:53 precise64 kernel: [    0.767584] tun: (C) 1999-2004 Max Krasnyansky <maxk@qualcomm.com>
Sep 13 23:22:53 precise64 kernel: [    0.767938] PPP generic driver version 2.4.2
Sep 13 23:22:53 precise64 kernel: [    0.768836] ehci_hcd: USB 2.0 'Enhanced' Host Controller (EHCI) Driver
Sep 13 23:22:53 precise64 kernel: [    0.768858] ohci_hcd: USB 1.1 'Open' Host Controller (OHCI) Driver
Sep 13 23:22:53 precise64 kernel: [    0.768875] uhci_hcd: USB Universal Host Controller Interface driver
Sep 13 23:22:53 precise64 kernel: [    0.768929] usbcore: registered new interface driver libusual
Sep 13 23:22:53 precise64 kernel: [    0.768984] i8042: PNP: PS/2 Controller [PNP0303:PS2K,PNP0f03:PS2M] at 0x60,0x64 irq 1,12
Sep 13 23:22:53 precise64 kernel: [    1.080298] ata1: SATA link up 3.0 Gbps (SStatus 123 SControl 300)
Sep 13 23:22:53 precise64 kernel: [    1.327204] ata1.00: ATA-6: VBOX HARDDISK, 1.0, max UDMA/133
Sep 13 23:22:53 precise64 kernel: [    1.327270] ata1.00: 167772160 sectors, multi 128: LBA48 NCQ (depth 31/32)
Sep 13 23:22:53 precise64 kernel: [    1.328365] ata1.00: configured for UDMA/133
Sep 13 23:22:53 precise64 kernel: [    1.328563] scsi 0:0:0:0: Direct-Access     ATA      VBOX HARDDISK    1.0  PQ: 0 ANSI: 5
Sep 13 23:22:53 precise64 kernel: [    1.328663] ata2.00: ATAPI: VBOX CD-ROM, 1.0, max UDMA/133
Sep 13 23:22:53 precise64 kernel: [    1.328857] sd 0:0:0:0: [sda] 167772160 512-byte logical blocks: (85.8 GB/80.0 GiB)
Sep 13 23:22:53 precise64 kernel: [    1.328930] sd 0:0:0:0: [sda] Write Protect is off
Sep 13 23:22:53 precise64 kernel: [    1.328934] sd 0:0:0:0: [sda] Mode Sense: 00 3a 00 00
Sep 13 23:22:53 precise64 kernel: [    1.328965] sd 0:0:0:0: [sda] Write cache: enabled, read cache: enabled, doesn't support DPO or FUA
Sep 13 23:22:53 precise64 kernel: [    1.329070] serio: i8042 KBD port at 0x60,0x64 irq 1
Sep 13 23:22:53 precise64 kernel: [    1.329160] sd 0:0:0:0: Attached scsi generic sg0 type 0
Sep 13 23:22:53 precise64 kernel: [    1.329501] serio: i8042 AUX port at 0x60,0x64 irq 12
Sep 13 23:22:53 precise64 kernel: [    1.329842] ata2.00: configured for UDMA/33
Sep 13 23:22:53 precise64 kernel: [    1.329853] mousedev: PS/2 mouse device common for all mice
Sep 13 23:22:53 precise64 kernel: [    1.330486] rtc_cmos rtc_cmos: rtc core: registered rtc_cmos as rtc0
Sep 13 23:22:53 precise64 kernel: [    1.330610] rtc0: alarms up to one day, 114 bytes nvram
Sep 13 23:22:53 precise64 kernel: [    1.330739] device-mapper: uevent: version 1.0.3
Sep 13 23:22:53 precise64 kernel: [    1.330838] device-mapper: ioctl: 4.22.0-ioctl (2011-10-19) initialised: dm-devel@redhat.com
Sep 13 23:22:53 precise64 kernel: [    1.330853] cpuidle: using governor ladder
Sep 13 23:22:53 precise64 kernel: [    1.330856] cpuidle: using governor menu
Sep 13 23:22:53 precise64 kernel: [    1.330858] EFI Variables Facility v0.08 2004-May-17
Sep 13 23:22:53 precise64 kernel: [    1.331117] TCP cubic registered
Sep 13 23:22:53 precise64 kernel: [    1.331261] NET: Registered protocol family 10
Sep 13 23:22:53 precise64 kernel: [    1.331382] scsi 1:0:0:0: CD-ROM            VBOX     CD-ROM           1.0  PQ: 0 ANSI: 5
Sep 13 23:22:53 precise64 kernel: [    1.331819] NET: Registered protocol family 17
Sep 13 23:22:53 precise64 kernel: [    1.331841] Registering the dns_resolver key type
Sep 13 23:22:53 precise64 kernel: [    1.331984] PM: Hibernation image not present or could not be loaded.
Sep 13 23:22:53 precise64 kernel: [    1.331999] registered taskstats version 1
Sep 13 23:22:53 precise64 kernel: [    1.340603] ata3.00: ATAPI: VBOX CD-ROM, 1.0, max UDMA/133
Sep 13 23:22:53 precise64 kernel: [    1.340807] sr0: scsi3-mmc drive: 32x/32x xa/form2 tray
Sep 13 23:22:53 precise64 kernel: [    1.340821] cdrom: Uniform CD-ROM driver Revision: 3.20
Sep 13 23:22:53 precise64 kernel: [    1.341107]  sda: sda1 sda2 < sda5 >
Sep 13 23:22:53 precise64 kernel: [    1.341221] sr 1:0:0:0: Attached scsi CD-ROM sr0
Sep 13 23:22:53 precise64 kernel: [    1.341580] sr 1:0:0:0: Attached scsi generic sg1 type 5
Sep 13 23:22:53 precise64 kernel: [    1.341613] sd 0:0:0:0: [sda] Attached SCSI disk
Sep 13 23:22:53 precise64 kernel: [    1.341767] input: AT Translated Set 2 keyboard as /devices/platform/i8042/serio0/input/input2
Sep 13 23:22:53 precise64 kernel: [    1.355159] ata3.00: configured for UDMA/33
Sep 13 23:22:53 precise64 kernel: [    1.362339]   Magic number: 12:259:403
Sep 13 23:22:53 precise64 kernel: [    1.362363] power_supply BAT0: hash matches
Sep 13 23:22:53 precise64 kernel: [    1.362538] rtc_cmos rtc_cmos: setting system clock to 2012-09-13 23:22:49 UTC (1347578569)
Sep 13 23:22:53 precise64 kernel: [    1.362610] BIOS EDD facility v0.16 2004-Jun-25, 0 devices found
Sep 13 23:22:53 precise64 kernel: [    1.362613] EDD information not available.
Sep 13 23:22:53 precise64 kernel: [    1.364858] scsi 2:0:0:0: CD-ROM            VBOX     CD-ROM           1.0  PQ: 0 ANSI: 5
Sep 13 23:22:53 precise64 kernel: [    1.365579] sr1: scsi3-mmc drive: 32x/32x xa/form2 tray
Sep 13 23:22:53 precise64 kernel: [    1.365829] sr 2:0:0:0: Attached scsi CD-ROM sr1
Sep 13 23:22:53 precise64 kernel: [    1.366295] sr 2:0:0:0: Attached scsi generic sg2 type 5
Sep 13 23:22:53 precise64 kernel: [    1.368059] Freeing unused kernel memory: 920k freed
Sep 13 23:22:53 precise64 kernel: [    1.368209] Write protecting the kernel read-only data: 12288k
Sep 13 23:22:53 precise64 kernel: [    1.373720] Freeing unused kernel memory: 1608k freed
Sep 13 23:22:53 precise64 kernel: [    1.382678] Freeing unused kernel memory: 1196k freed
Sep 13 23:22:53 precise64 kernel: [    1.491459] e1000: Intel(R) PRO/1000 Network Driver - version 7.3.21-k8-NAPI
Sep 13 23:22:53 precise64 kernel: [    1.491464] e1000: Copyright (c) 1999-2006 Intel Corporation.
Sep 13 23:22:53 precise64 kernel: [    1.491722] e1000 0000:00:03.0: PCI INT A -> GSI 19 (level, low) -> IRQ 19
Sep 13 23:22:53 precise64 kernel: [    1.491784] e1000 0000:00:03.0: setting latency timer to 64
Sep 13 23:22:53 precise64 kernel: [    2.154894] e1000 0000:00:03.0: eth0: (PCI:33MHz:32-bit) 08:00:27:88:0c:a6
Sep 13 23:22:53 precise64 kernel: [    2.154903] e1000 0000:00:03.0: eth0: Intel(R) PRO/1000 Network Connection
Sep 13 23:22:53 precise64 kernel: [    2.268539] EXT4-fs (dm-0): mounted filesystem with ordered data mode. Opts: (null)
Sep 13 23:22:53 precise64 kernel: [    2.954615] ADDRCONF(NETDEV_UP): eth0: link is not ready
Sep 13 23:22:53 precise64 kernel: [    3.022056] Adding 786428k swap on /dev/mapper/precise64-swap_1.  Priority:-1 extents:1 across:786428k 
Sep 13 23:22:53 precise64 kernel: [    3.193432] lp: driver loaded but no devices found
Sep 13 23:22:53 precise64 kernel: [    3.218696] piix4_smbus 0000:00:07.0: SMBus base address uninitialized - upgrade BIOS or use force_addr=0xaddr
Sep 13 23:22:53 precise64 kernel: [    3.239030] vboxguest 0000:00:04.0: PCI INT A -> GSI 20 (level, low) -> IRQ 20
Sep 13 23:22:53 precise64 kernel: [    3.255167] parport_pc 00:04: reported by Plug and Play ACPI
Sep 13 23:22:53 precise64 kernel: [    3.303912] input: ImExPS/2 Generic Explorer Mouse as /devices/platform/i8042/serio1/input/input3
Sep 13 23:22:53 precise64 kernel: [    3.376278] input: Unspecified device as /devices/pci0000:00/0000:00:04.0/input/input4
Sep 13 23:22:53 precise64 kernel: [    3.382513] type=1400 audit(1347578571.515:2): apparmor="STATUS" operation="profile_load" name="/sbin/dhclient" pid=403 comm="apparmor_parser"
Sep 13 23:22:53 precise64 kernel: [    3.383003] type=1400 audit(1347578571.515:3): apparmor="STATUS" operation="profile_load" name="/usr/lib/NetworkManager/nm-dhcp-client.action" pid=403 comm="apparmor_parser"
Sep 13 23:22:53 precise64 kernel: [    3.383280] type=1400 audit(1347578571.515:4): apparmor="STATUS" operation="profile_load" name="/usr/lib/connman/scripts/dhclient-script" pid=403 comm="apparmor_parser"
Sep 13 23:22:53 precise64 kernel: [    3.392631] vboxguest: major 0, IRQ 20, I/O port d020, MMIO at 00000000f0400000 (size 0x400000)
Sep 13 23:22:53 precise64 kernel: [    3.392635] vboxguest: Successfully loaded version 4.2.0 (interface 0x00010004)
Sep 13 23:22:53 precise64 kernel: [    3.399150] type=1400 audit(1347578571.531:5): apparmor="STATUS" operation="profile_load" name="/usr/sbin/ntpd" pid=405 comm="apparmor_parser"
Sep 13 23:22:53 precise64 kernel: [    3.680438] ppdev: user-space parallel port driver
Sep 13 23:22:53 precise64 kernel: [    3.737163] e1000: eth0 NIC Link is Up 1000 Mbps Full Duplex, Flow Control: RX
Sep 13 23:22:53 precise64 kernel: [    4.203545] vesafb: mode is 640x480x32, linelength=2560, pages=0
Sep 13 23:22:53 precise64 kernel: [    4.203549] vesafb: scrolling: redraw
Sep 13 23:22:53 precise64 kernel: [    4.203552] vesafb: Truecolor: size=8:8:8:8, shift=24:16:8:0
Sep 13 23:22:53 precise64 kernel: [    4.203568] mtrr: your processor doesn't support write-combining
Sep 13 23:22:53 precise64 kernel: [    4.203791] vesafb: framebuffer at 0xe0000000, mapped to 0xffffc90001300000, using 1216k, total 1216k
Sep 13 23:22:53 precise64 kernel: [    4.204088] Console: switching to colour frame buffer device 80x30
Sep 13 23:22:53 precise64 kernel: [    4.208495] fb0: VESA VGA frame buffer device
Sep 13 23:22:53 precise64 kernel: [    4.243534] EXT4-fs (dm-0): re-mounted. Opts: errors=remount-ro
Sep 13 23:22:53 precise64 kernel: [    4.604170] RPC: Registered named UNIX socket transport module.
Sep 13 23:22:53 precise64 kernel: [    4.604174] RPC: Registered udp transport module.
Sep 13 23:22:53 precise64 kernel: [    4.604176] RPC: Registered tcp transport module.
Sep 13 23:22:53 precise64 kernel: [    4.604178] RPC: Registered tcp NFSv4.1 backchannel transport module.
Sep 13 23:22:53 precise64 kernel: [    4.656203] FS-Cache: Loaded
Sep 13 23:22:53 precise64 kernel: [    4.683823] FS-Cache: Netfs 'nfs' registered for caching
Sep 13 23:22:53 precise64 kernel: [    4.714494] Installing knfsd (copyright (C) 1996 okir@monad.swb.de).
Sep 13 23:22:53 precise64 kernel: [    4.747836] init: failsafe main process (636) killed by TERM signal
Sep 13 23:22:53 precise64 kernel: [    5.014428] type=1400 audit(1347578573.147:6): apparmor="STATUS" operation="profile_replace" name="/usr/sbin/ntpd" pid=715 comm="apparmor_parser"
Sep 13 23:22:53 precise64 kernel: [    5.014769] type=1400 audit(1347578573.147:7): apparmor="STATUS" operation="profile_replace" name="/sbin/dhclient" pid=714 comm="apparmor_parser"
Sep 13 23:22:53 precise64 kernel: [    5.018195] type=1400 audit(1347578573.151:8): apparmor="STATUS" operation="profile_replace" name="/usr/lib/NetworkManager/nm-dhcp-client.action" pid=714 comm="apparmor_parser"
Sep 13 23:22:53 precise64 kernel: [    5.018458] type=1400 audit(1347578573.151:9): apparmor="STATUS" operation="profile_replace" name="/usr/lib/connman/scripts/dhclient-script" pid=714 comm="apparmor_parser"
Sep 13 23:22:53 precise64 kernel: [    5.024536] type=1400 audit(1347578573.159:10): apparmor="STATUS" operation="profile_load" name="/usr/sbin/tcpdump" pid=717 comm="apparmor_parser"
Sep 13 23:22:53 precise64 cron[748]: (CRON) INFO (pidfile fd = 3)
Sep 13 23:22:53 precise64 cron[764]: (CRON) STARTUP (fork ok)
Sep 13 23:22:53 precise64 cron[764]: (CRON) INFO (Running @reboot jobs)
Sep 13 23:22:53 precise64 ntpd[760]: ntpd 4.2.6p3@1.2290-o Tue Jun  5 20:12:08 UTC 2012 (1)
Sep 13 23:22:53 precise64 ntpd[768]: proto: precision = 3.911 usec
Sep 13 23:22:53 precise64 ntpd[768]: ntp_io: estimated max descriptors: 1024, initial socket boundary: 16
Sep 13 23:22:53 precise64 ntpd[768]: Listen and drop on 0 v4wildcard 0.0.0.0 UDP 123
Sep 13 23:22:53 precise64 ntpd[768]: Listen and drop on 1 v6wildcard :: UDP 123
Sep 13 23:22:53 precise64 ntpd[768]: Listen normally on 2 lo 127.0.0.1 UDP 123
Sep 13 23:22:53 precise64 ntpd[768]: Listen normally on 3 eth0 10.0.2.15 UDP 123
Sep 13 23:22:53 precise64 ntpd[768]: bind(20) AF_INET6 fe80::a00:27ff:fe88:ca6%2#123 flags 0x11 failed: Cannot assign requested address
Sep 13 23:22:53 precise64 ntpd[768]: unable to create socket on eth0 (4) for fe80::a00:27ff:fe88:ca6#123
Sep 13 23:22:53 precise64 ntpd[768]: failed to init interface for address fe80::a00:27ff:fe88:ca6
Sep 13 23:22:53 precise64 ntpd[768]: Listen normally on 5 lo ::1 UDP 123
Sep 13 23:22:53 precise64 ntpd[768]: peers refreshed
Sep 13 23:22:53 precise64 ntpd[768]: Listening on routing socket on fd #21 for interface updates
Sep 13 23:22:53 precise64 kernel: [    5.356319] vboxsf: Successfully loaded version 4.2.0 (interface 0x00010004)
Sep 14 06:22:55 precise64 dhclient: DHCPDISCOVER on eth0 to 255.255.255.255 port 67 interval 3
Sep 14 06:22:55 precise64 dhclient: DHCPREQUEST of 10.0.2.15 on eth0 to 255.255.255.255 port 67
Sep 14 06:22:55 precise64 dhclient: DHCPOFFER of 10.0.2.15 from 10.0.2.2
Sep 14 06:22:55 precise64 dhclient: DHCPACK of 10.0.2.15 from 10.0.2.2
Sep 14 06:22:55 precise64 dhclient: bound to 10.0.2.15 -- renewal in 36134 seconds.
Sep 14 06:22:55 precise64 ntpdate[589]: the NTP socket is in use, exiting
Sep 14 06:22:56 precise64 ntpd[768]: Listen normally on 6 eth0 fe80::a00:27ff:fe88:ca6 UDP 123
Sep 14 06:22:56 precise64 ntpd[768]: peers refreshed
Sep 14 06:22:56 precise64 ntpd[768]: new interface(s) found: waking up resolver
Sep 14 06:23:04 precise64 kernel: [   14.704093] eth0: no IPv6 routers present
Sep 14 06:23:18 precise64 kernel: Kernel logging (proc) stopped.
Sep 14 06:23:18 precise64 rsyslogd: [origin software="rsyslogd" swVersion="5.8.6" x-pid="678" x-info="http://www.rsyslog.com"] exiting on signal 15.
Oct 21 05:06:08 precise64 kernel: imklog 5.8.6, log source = /proc/kmsg started.
Oct 21 05:06:08 precise64 rsyslogd: [origin software="rsyslogd" swVersion="5.8.6" x-pid="739" x-info="http://www.rsyslog.com"] start
Oct 21 05:06:08 precise64 rsyslogd: rsyslogd's groupid changed to 103
Oct 21 05:06:08 precise64 rsyslogd: rsyslogd's userid changed to 101
Oct 21 05:06:08 precise64 rsyslogd-2039: Could not open output pipe '/dev/xconsole' [try http://www.rsyslog.com/e/2039 ]
Oct 21 05:06:08 precise64 kernel: [    0.000000] Initializing cgroup subsys cpuset
Oct 21 05:06:08 precise64 kernel: [    0.000000] Initializing cgroup subsys cpu
Oct 21 05:06:08 precise64 kernel: [    0.000000] Linux version 3.2.0-23-generic (buildd@crested) (gcc version 4.6.3 (Ubuntu/Linaro 4.6.3-1ubuntu4) ) #36-Ubuntu SMP Tue Apr 10 20:39:51 UTC 2012 (Ubuntu 3.2.0-23.36-generic 3.2.14)
Oct 21 05:06:08 precise64 kernel: [    0.000000] Command line: BOOT_IMAGE=/vmlinuz-3.2.0-23-generic root=/dev/mapper/precise64-root ro quiet
Oct 21 05:06:08 precise64 kernel: [    0.000000] KERNEL supported cpus:
Oct 21 05:06:08 precise64 kernel: [    0.000000]   Intel GenuineIntel
Oct 21 05:06:08 precise64 kernel: [    0.000000]   AMD AuthenticAMD
Oct 21 05:06:08 precise64 kernel: [    0.000000]   Centaur CentaurHauls
Oct 21 05:06:08 precise64 kernel: [    0.000000] BIOS-provided physical RAM map:
Oct 21 05:06:08 precise64 kernel: [    0.000000]  BIOS-e820: 0000000000000000 - 000000000009fc00 (usable)
Oct 21 05:06:08 precise64 kernel: [    0.000000]  BIOS-e820: 000000000009fc00 - 00000000000a0000 (reserved)
Oct 21 05:06:08 precise64 kernel: [    0.000000]  BIOS-e820: 00000000000f0000 - 0000000000100000 (reserved)
Oct 21 05:06:08 precise64 kernel: [    0.000000]  BIOS-e820: 0000000000100000 - 0000000007ff0000 (usable)
Oct 21 05:06:08 precise64 kernel: [    0.000000]  BIOS-e820: 0000000007ff0000 - 0000000008000000 (ACPI data)
Oct 21 05:06:08 precise64 kernel: [    0.000000]  BIOS-e820: 00000000fffc0000 - 0000000100000000 (reserved)
Oct 21 05:06:08 precise64 kernel: [    0.000000] NX (Execute Disable) protection: active
Oct 21 05:06:08 precise64 kernel: [    0.000000] DMI 2.5 present.
Oct 21 05:06:08 precise64 kernel: [    0.000000] DMI: innotek GmbH VirtualBox/VirtualBox, BIOS VirtualBox 12/01/2006
Oct 21 05:06:08 precise64 kernel: [    0.000000] e820 update range: 0000000000000000 - 0000000000010000 (usable) ==> (reserved)
Oct 21 05:06:08 precise64 kernel: [    0.000000] e820 remove range: 00000000000a0000 - 0000000000100000 (usable)
Oct 21 05:06:08 precise64 kernel: [    0.000000] No AGP bridge found
Oct 21 05:06:08 precise64 kernel: [    0.000000] last_pfn = 0x7ff0 max_arch_pfn = 0x400000000
Oct 21 05:06:08 precise64 kernel: [    0.000000] MTRR default type: uncachable
Oct 21 05:06:08 precise64 kernel: [    0.000000] MTRR variable ranges disabled:
Oct 21 05:06:08 precise64 kernel: [    0.000000] x86 PAT enabled: cpu 0, old 0x7040600070406, new 0x7010600070106
Oct 21 05:06:08 precise64 kernel: [    0.000000] CPU MTRRs all blank - virtualized system.
Oct 21 05:06:08 precise64 kernel: [    0.000000] found SMP MP-table at [ffff88000009fff0] 9fff0
Oct 21 05:06:08 precise64 kernel: [    0.000000] initial memory mapped : 0 - 20000000
Oct 21 05:06:08 precise64 kernel: [    0.000000] Base memory trampoline at [ffff88000009a000] 9a000 size 20480
Oct 21 05:06:08 precise64 kernel: [    0.000000] init_memory_mapping: 0000000000000000-0000000007ff0000
Oct 21 05:06:08 precise64 kernel: [    0.000000]  0000000000 - 0007e00000 page 2M
Oct 21 05:06:08 precise64 kernel: [    0.000000]  0007e00000 - 0007ff0000 page 4k
Oct 21 05:06:08 precise64 kernel: [    0.000000] kernel direct mapping tables up to 7ff0000 @ 7fed000-7ff0000
Oct 21 05:06:08 precise64 kernel: [    0.000000] RAMDISK: 066b2000 - 074bf000
Oct 21 05:06:08 precise64 kernel: [    0.000000] ACPI: RSDP 00000000000e0000 00024 (v02 VBOX  )
Oct 21 05:06:08 precise64 kernel: [    0.000000] ACPI: XSDT 0000000007ff0030 0003C (v01 VBOX   VBOXXSDT 00000001 ASL  00000061)
Oct 21 05:06:08 precise64 kernel: [    0.000000] ACPI: FACP 0000000007ff00f0 000F4 (v04 VBOX   VBOXFACP 00000001 ASL  00000061)
Oct 21 05:06:08 precise64 kernel: [    0.000000] ACPI: DSDT 0000000007ff0470 01BF1 (v01 VBOX   VBOXBIOS 00000002 INTL 20100528)
Oct 21 05:06:08 precise64 kernel: [    0.000000] ACPI: FACS 0000000007ff0200 00040
Oct 21 05:06:08 precise64 kernel: [    0.000000] ACPI: APIC 0000000007ff0240 0005C (v02 VBOX   VBOXAPIC 00000001 ASL  00000061)
Oct 21 05:06:08 precise64 kernel: [    0.000000] ACPI: SSDT 0000000007ff02a0 001CC (v01 VBOX   VBOXCPUT 00000002 INTL 20100528)
Oct 21 05:06:08 precise64 kernel: [    0.000000] ACPI: Local APIC address 0xfee00000
Oct 21 05:06:08 precise64 kernel: [    0.000000] No NUMA configuration found
Oct 21 05:06:08 precise64 kernel: [    0.000000] Faking a node at 0000000000000000-0000000007ff0000
Oct 21 05:06:08 precise64 kernel: [    0.000000] Initmem setup node 0 0000000000000000-0000000007ff0000
Oct 21 05:06:08 precise64 kernel: [    0.000000]   NODE_DATA [0000000007fe8000 - 0000000007fecfff]
Oct 21 05:06:08 precise64 kernel: [    0.000000]  [ffffea0000000000-ffffea00001fffff] PMD -> [ffff880006400000-ffff8800065fffff] on node 0
Oct 21 05:06:08 precise64 kernel: [    0.000000] Zone PFN ranges:
Oct 21 05:06:08 precise64 kernel: [    0.000000]   DMA      0x00000010 -> 0x00001000
Oct 21 05:06:08 precise64 kernel: [    0.000000]   DMA32    0x00001000 -> 0x00100000
Oct 21 05:06:08 precise64 kernel: [    0.000000]   Normal   empty
Oct 21 05:06:08 precise64 kernel: [    0.000000] Movable zone start PFN for each node
Oct 21 05:06:08 precise64 kernel: [    0.000000] early_node_map[2] active PFN ranges
Oct 21 05:06:08 precise64 kernel: [    0.000000]     0: 0x00000010 -> 0x0000009f
Oct 21 05:06:08 precise64 kernel: [    0.000000]     0: 0x00000100 -> 0x00007ff0
Oct 21 05:06:08 precise64 kernel: [    0.000000] On node 0 totalpages: 32639
Oct 21 05:06:08 precise64 kernel: [    0.000000]   DMA zone: 64 pages used for memmap
Oct 21 05:06:08 precise64 kernel: [    0.000000]   DMA zone: 5 pages reserved
Oct 21 05:06:08 precise64 kernel: [    0.000000]   DMA zone: 3914 pages, LIFO batch:0
Oct 21 05:06:08 precise64 kernel: [    0.000000]   DMA32 zone: 448 pages used for memmap
Oct 21 05:06:08 precise64 kernel: [    0.000000]   DMA32 zone: 28208 pages, LIFO batch:7
Oct 21 05:06:08 precise64 kernel: [    0.000000] ACPI: PM-Timer IO Port: 0x4008
Oct 21 05:06:08 precise64 kernel: [    0.000000] ACPI: Local APIC address 0xfee00000
Oct 21 05:06:08 precise64 kernel: [    0.000000] ACPI: LAPIC (acpi_id[0x00] lapic_id[0x00] enabled)
Oct 21 05:06:08 precise64 kernel: [    0.000000] ACPI: LAPIC (acpi_id[0x01] lapic_id[0x01] enabled)
Oct 21 05:06:08 precise64 kernel: [    0.000000] ACPI: IOAPIC (id[0x02] address[0xfec00000] gsi_base[0])
Oct 21 05:06:08 precise64 kernel: [    0.000000] IOAPIC[0]: apic_id 2, version 17, address 0xfec00000, GSI 0-23
Oct 21 05:06:08 precise64 kernel: [    0.000000] ACPI: INT_SRC_OVR (bus 0 bus_irq 0 global_irq 2 dfl dfl)
Oct 21 05:06:08 precise64 kernel: [    0.000000] ACPI: INT_SRC_OVR (bus 0 bus_irq 9 global_irq 9 high level)
Oct 21 05:06:08 precise64 kernel: [    0.000000] ACPI: IRQ0 used by override.
Oct 21 05:06:08 precise64 kernel: [    0.000000] ACPI: IRQ2 used by override.
Oct 21 05:06:08 precise64 kernel: [    0.000000] ACPI: IRQ9 used by override.
Oct 21 05:06:08 precise64 kernel: [    0.000000] Using ACPI (MADT) for SMP configuration information
Oct 21 05:06:08 precise64 kernel: [    0.000000] SMP: Allowing 2 CPUs, 0 hotplug CPUs
Oct 21 05:06:08 precise64 kernel: [    0.000000] nr_irqs_gsi: 40
Oct 21 05:06:08 precise64 kernel: [    0.000000] PM: Registered nosave memory: 000000000009f000 - 00000000000a0000
Oct 21 05:06:08 precise64 kernel: [    0.000000] PM: Registered nosave memory: 00000000000a0000 - 00000000000f0000
Oct 21 05:06:08 precise64 kernel: [    0.000000] PM: Registered nosave memory: 00000000000f0000 - 0000000000100000
Oct 21 05:06:08 precise64 kernel: [    0.000000] Allocating PCI resources starting at 8000000 (gap: 8000000:f7fc0000)
Oct 21 05:06:08 precise64 kernel: [    0.000000] Booting paravirtualized kernel on bare hardware
Oct 21 05:06:08 precise64 kernel: [    0.000000] setup_percpu: NR_CPUS:256 nr_cpumask_bits:256 nr_cpu_ids:2 nr_node_ids:1
Oct 21 05:06:08 precise64 kernel: [    0.000000] PERCPU: Embedded 28 pages/cpu @ffff880007c00000 s83072 r8192 d23424 u1048576
Oct 21 05:06:08 precise64 kernel: [    0.000000] pcpu-alloc: s83072 r8192 d23424 u1048576 alloc=1*2097152
Oct 21 05:06:08 precise64 kernel: [    0.000000] pcpu-alloc: [0] 0 1 
Oct 21 05:06:08 precise64 kernel: [    0.000000] Built 1 zonelists in Node order, mobility grouping on.  Total pages: 32122
Oct 21 05:06:08 precise64 kernel: [    0.000000] Policy zone: DMA32
Oct 21 05:06:08 precise64 kernel: [    0.000000] Kernel command line: BOOT_IMAGE=/vmlinuz-3.2.0-23-generic root=/dev/mapper/precise64-root ro quiet
Oct 21 05:06:08 precise64 kernel: [    0.000000] PID hash table entries: 512 (order: 0, 4096 bytes)
Oct 21 05:06:08 precise64 kernel: [    0.000000] Checking aperture...
Oct 21 05:06:08 precise64 kernel: [    0.000000] No AGP bridge found
Oct 21 05:06:08 precise64 kernel: [    0.000000] Calgary: detecting Calgary via BIOS EBDA area
Oct 21 05:06:08 precise64 kernel: [    0.000000] Calgary: Unable to locate Rio Grande table in EBDA - bailing!
Oct 21 05:06:08 precise64 kernel: [    0.000000] Memory: 98108k/131008k available (6566k kernel code, 452k absent, 32448k reserved, 6637k data, 920k init)
Oct 21 05:06:08 precise64 kernel: [    0.000000] SLUB: Genslabs=15, HWalign=64, Order=0-3, MinObjects=0, CPUs=2, Nodes=1
Oct 21 05:06:08 precise64 kernel: [    0.000000] Hierarchical RCU implementation.
Oct 21 05:06:08 precise64 kernel: [    0.000000] 	RCU dyntick-idle grace-period acceleration is enabled.
Oct 21 05:06:08 precise64 kernel: [    0.000000] NR_IRQS:16640 nr_irqs:512 16
Oct 21 05:06:08 precise64 kernel: [    0.000000] Console: colour dummy device 80x25
Oct 21 05:06:08 precise64 kernel: [    0.000000] console [tty0] enabled
Oct 21 05:06:08 precise64 kernel: [    0.000000] allocated 1048576 bytes of page_cgroup
Oct 21 05:06:08 precise64 kernel: [    0.000000] please try 'cgroup_disable=memory' option if you don't want memory cgroups
Oct 21 05:06:08 precise64 kernel: [    0.000000] Fast TSC calibration failed
Oct 21 05:06:08 precise64 kernel: [    0.000000] TSC: Unable to calibrate against PIT
Oct 21 05:06:08 precise64 kernel: [    0.000000] TSC: using PMTIMER reference calibration
Oct 21 05:06:08 precise64 kernel: [    0.000000] Detected 1796.381 MHz processor.
Oct 21 05:06:08 precise64 kernel: [    0.012011] Calibrating delay loop (skipped), value calculated using timer frequency.. 3592.76 BogoMIPS (lpj=7185524)
Oct 21 05:06:08 precise64 kernel: [    0.012018] pid_max: default: 32768 minimum: 301
Oct 21 05:06:08 precise64 kernel: [    0.016047] Security Framework initialized
Oct 21 05:06:08 precise64 kernel: [    0.016078] AppArmor: AppArmor initialized
Oct 21 05:06:08 precise64 kernel: [    0.016083] Yama: becoming mindful.
Oct 21 05:06:08 precise64 kernel: [    0.016182] Dentry cache hash table entries: 16384 (order: 5, 131072 bytes)
Oct 21 05:06:08 precise64 kernel: [    0.016238] Inode-cache hash table entries: 8192 (order: 4, 65536 bytes)
Oct 21 05:06:08 precise64 kernel: [    0.016269] Mount-cache hash table entries: 256
Oct 21 05:06:08 precise64 kernel: [    0.016426] Initializing cgroup subsys cpuacct
Oct 21 05:06:08 precise64 kernel: [    0.016435] Initializing cgroup subsys memory
Oct 21 05:06:08 precise64 kernel: [    0.016446] Initializing cgroup subsys devices
Oct 21 05:06:08 precise64 kernel: [    0.016452] Initializing cgroup subsys freezer
Oct 21 05:06:08 precise64 kernel: [    0.016457] Initializing cgroup subsys blkio
Oct 21 05:06:08 precise64 kernel: [    0.016470] Initializing cgroup subsys perf_event
Oct 21 05:06:08 precise64 kernel: [    0.016628] CPU: Physical Processor ID: 0
Oct 21 05:06:08 precise64 kernel: [    0.016633] CPU: Processor Core ID: 0
Oct 21 05:06:08 precise64 kernel: [    0.016642] mce: CPU supports 0 MCE banks
Oct 21 05:06:08 precise64 kernel: [    0.034869] ACPI: Core revision 20110623
Oct 21 05:06:08 precise64 kernel: [    0.036116] ftrace: allocating 27049 entries in 107 pages
Oct 21 05:06:08 precise64 kernel: [    0.044497] ..TIMER: vector=0x30 apic1=0 pin1=2 apic2=-1 pin2=-1
Oct 21 05:06:08 precise64 kernel: [    0.087797] CPU0: Intel(R) Core(TM) i3-3217U CPU @ 1.80GHz stepping 09
Oct 21 05:06:08 precise64 kernel: [    0.088004] Performance Events: unsupported p6 CPU model 58 no PMU driver, software events only.
Oct 21 05:06:08 precise64 kernel: [    0.088004] NMI watchdog disabled (cpu0): hardware events not enabled
Oct 21 05:06:08 precise64 kernel: [    0.088004] Booting Node   0, Processors  #1 Ok.
Oct 21 05:06:08 precise64 kernel: [    0.088004] smpboot cpu 1: start_ip = 9a000
Oct 21 05:06:08 precise64 kernel: [    0.016000] mce: CPU supports 0 MCE banks
Oct 21 05:06:08 precise64 kernel: [    0.180075] NMI watchdog disabled (cpu1): hardware events not enabled
Oct 21 05:06:08 precise64 kernel: [    0.180171] Brought up 2 CPUs
Oct 21 05:06:08 precise64 kernel: [    0.180177] Total of 2 processors activated (7188.49 BogoMIPS).
Oct 21 05:06:08 precise64 kernel: [    0.180856] devtmpfs: initialized
Oct 21 05:06:08 precise64 kernel: [    0.181193] EVM: security.selinux
Oct 21 05:06:08 precise64 kernel: [    0.181202] EVM: security.SMACK64
Oct 21 05:06:08 precise64 kernel: [    0.181209] EVM: security.capability
Oct 21 05:06:08 precise64 kernel: [    0.184510] print_constraints: dummy: 
Oct 21 05:06:08 precise64 kernel: [    0.184580] RTC time:  5:05:55, date: 10/21/15
